UNSET Cell
UNSET Anatomy
UNSET Disease
UNSET CellStructure
UNSET Cell
UNSET CellStructure
UNSET Anatomy
UNSET Cell
UNSET Anatomy
UNSET Anatomy
UNSET Cell
UNSET Anatomy
UNSET Anatomy
UNSET Cell
UNSET Disease
UNSET Anatomy
UNSET Cell
UNSET CellLine
UNSET Cell
UNSET Anatomy
UNSET Cell
UNSET Anatomy
UNSET Cell
UNSET Anatomy
UNSET CellStructure
UNSET Anatomy
UNSET Cell
UNSET Anatomy
UNSET Cell
UNSET MeSHAnatomy
UNSET Anatomy
UNSET Cell
UNSET Anatomy
UNSET Anatomy
UNSET Cell
UNSET Cell
UNSET Anatomy
UNSET Disease
UNSET CellLine
UNSET Cell
UNSET Anatomy
UNSET Anatomy
UNSET Anatomy
UNSET Anatomy
UNSET Disease
UNSET Cell
UNSET CellStructure
UNSET Cell
UNSET Anatomy
UNSET MeSHAnatomy
UNSET Anatomy
UNSET Anatomy
UNSET Cell
UNSET Cell
UNSET CellLine
UNSET Disease
UNSET Anatomy
UNSET Cell
UNSET Cell
UNSET Cell
UNSET Anatomy
UNSET Cell
UNSET Cell
UNSET Anatomy
UNSET Cell
UNSET Cell
UNSET CellStructure
UNSET Cell
UNSET Anatomy
UNSET Anatomy
UNSET Anatomy
UNSET CellLine
UNSET Anatomy
UNSET Anatomy
UNSET Cell
UNSET Disease
UNSET Anatomy
UNSET Cell
UNSET Anatomy
UNSET Cell
UNSET CellStructure
UNSET Anatomy
UNSET Cell
UNSET Anatomy
UNSET CellLine
UNSET Anatomy
UNSET Cell
UNSET Anatomy
UNSET CellStructure
UNSET Cell
UNSET Cell
UNSET Anatomy
UNSET Disease
UNSET Anatomy
UNSET CellLine
UNSET Cell
UNSET Anatomy
UNSET Cell
UNSET Anatomy
UNSET Anatomy
UNSET Cell
UNSET MeSHAnatomy
UNSET Anatomy
UNSET Cell
UNSET Cell
UNSET CellLine
UNSET Anatomy
UNSET Cell
UNSET Cell
UNSET MeSHAnatomy
UNSET Cell
UNSET Anatomy
UNSET CellLine
UNSET Cell
UNSET Cell
UNSET Anatomy
UNSET Cell
UNSET Cell
UNSET CellLine
UNSET Anatomy
UNSET Cell
UNSET CellLine
UNSET Anatomy
UNSET Cell
UNSET Cell
UNSET Cell
UNSET Anatomy
UNSET Cell
UNSET Anatomy
UNSET CellLine
UNSET Cell
UNSET Anatomy
UNSET CellLine
UNSET Cell
UNSET Cell
UNSET Cell
UNSET Anatomy
UNSET Anatomy
UNSET CellLine
UNSET Disease
UNSET Anatomy
UNSET Anatomy
UNSET Cell
UNSET Anatomy
UNSET Anatomy
UNSET Cell
UNSET Cell
UNSET Cell
UNSET Cell
UNSET Anatomy
UNSET Cell
UNSET Anatomy
UNSET Cell
UNSET CellLine
UNSET Cell
UNSET Cell
UNSET Anatomy
UNSET Cell
UNSET Anatomy
UNSET Cell
UNSET CellLine
UNSET Cell
UNSET Anatomy
UNSET Anatomy
UNSET CellLine
UNSET Anatomy
UNSET Cell
UNSET Anatomy
UNSET Cell
UNSET Cell
UNSET Cell
UNSET Anatomy
UNSET Anatomy
UNSET CellLine
UNSET Anatomy
UNSET MeSHAnatomy
UNSET Anatomy
UNSET Cell
UNSET CellLine
UNSET CellLine
UNSET Cell
UNSET Anatomy
UNSET Cell
UNSET Anatomy
UNSET Cell
UNSET Anatomy
UNSET Anatomy
UNSET CellLine
UNSET CellLine
UNSET Cell
UNSET Anatomy
UNSET CellLine
UNSET Anatomy
UNSET Cell
UNSET Anatomy
UNSET CellLine
UNSET Cell
UNSET Anatomy
UNSET Cell
UNSET Anatomy
UNSET Anatomy
UNSET Anatomy
UNSET Cell
UNSET CellLine
UNSET CellStructure
UNSET Cell
UNSET Anatomy
UNSET Anatomy
UNSET Cell
UNSET Anatomy
UNSET Anatomy
UNSET CellLine
UNSET Disease
UNSET Anatomy
UNSET CellLine
UNSET Cell
UNSET Anatomy
UNSET Cell
UNSET Anatomy
UNSET Anatomy
UNSET Cell
UNSET CellStructure
UNSET Cell
UNSET CellLine
UNSET Cell
UNSET Anatomy
UNSET Anatomy
UNSET Cell
UNSET Cell
UNSET CellLine
UNSET CellLine
UNSET Anatomy
UNSET Cell
UNSET CellStructure
UNSET CellLine
UNSET Cell
UNSET Anatomy
UNSET Anatomy
UNSET CellStructure
UNSET Cell
UNSET Cell
UNSET Anatomy
UNSET Cell
UNSET Disease
UNSET Anatomy
UNSET CellLine
UNSET Anatomy
UNSET CellLine
UNSET Cell
UNSET Anatomy
UNSET Disease
UNSET CellLine
UNSET Cell
UNSET CellLine
UNSET Cell
UNSET Cell
UNSET Anatomy
UNSET CellLine
UNSET CellLine
UNSET Cell
UNSET CellLine
UNSET Anatomy
UNSET CellLine
UNSET Anatomy
UNSET Cell
UNSET CellLine
UNSET Anatomy
UNSET Anatomy
UNSET Cell
UNSET Anatomy
UNSET Cell
UNSET CellLine
UNSET CellLine
UNSET Cell
UNSET Disease
UNSET CellLine
UNSET Anatomy
UNSET Cell
UNSET CellStructure
UNSET Anatomy
UNSET Cell
UNSET Anatomy
UNSET Cell
UNSET CellStructure
UNSET Anatomy
UNSET CellLine
UNSET Anatomy
UNSET Cell
UNSET Cell
UNSET Anatomy
UNSET CellLine
UNSET Anatomy
UNSET Cell
UNSET CellLine
UNSET Anatomy
UNSET CellStructure
UNSET Anatomy
UNSET Disease
UNSET Cell
UNSET Anatomy
UNSET Cell
UNSET Anatomy
UNSET Cell
UNSET Anatomy
UNSET Anatomy
UNSET Anatomy
UNSET Cell
UNSET Anatomy
UNSET Anatomy
UNSET Disease
UNSET Anatomy
UNSET CellLine
UNSET Anatomy
UNSET Cell
UNSET Cell
UNSET Anatomy
UNSET Cell
UNSET Anatomy
UNSET Cell
UNSET Anatomy
UNSET Cell
UNSET Anatomy
UNSET Anatomy
UNSET Anatomy
UNSET Cell
UNSET Cell
UNSET CellLine
UNSET Anatomy
UNSET Anatomy
UNSET Anatomy
UNSET Cell
UNSET Anatomy
UNSET Anatomy
UNSET CellLine
UNSET Disease
UNSET Cell
UNSET Anatomy
UNSET Anatomy
UNSET Anatomy
UNSET CellStructure
UNSET Anatomy
UNSET Anatomy
UNSET CellLine
UNSET Cell
UNSET Cell
UNSET CellLine
UNSET Disease
UNSET Anatomy
UNSET Cell
UNSET CellLine
UNSET Disease
UNSET Anatomy
UNSET Cell
UNSET CellStructure
UNSET Cell
UNSET Cell
UNSET CellLine
UNSET Anatomy
UNSET Cell
UNSET Anatomy
UNSET CellLine
UNSET Cell
UNSET Anatomy
UNSET Cell
UNSET Anatomy
UNSET Cell
UNSET Cell
UNSET Cell
UNSET Anatomy
UNSET Anatomy
UNSET CellLine
UNSET Cell
UNSET Cell
UNSET Anatomy
UNSET Cell
UNSET CellLine
UNSET Anatomy
UNSET Cell
UNSET Cell
UNSET CellLine
UNSET Cell
UNSET Anatomy
UNSET CellLine
UNSET Cell
UNSET Anatomy
UNSET Anatomy
UNSET CellLine
UNSET Cell
UNSET Cell
UNSET CellLine
UNSET CellLine
UNSET Anatomy
UNSET CellLine
UNSET CellStructure
UNSET Cell
UNSET Cell
UNSET Cell
UNSET CellLine
UNSET Cell
UNSET CellLine
UNSET Anatomy
UNSET CellLine
UNSET Disease
UNSET Anatomy
UNSET CellLine
UNSET Cell
UNSET Anatomy
UNSET Anatomy
UNSET Cell
UNSET Cell
UNSET Anatomy
UNSET Cell
UNSET Anatomy
UNSET Anatomy
UNSET Cell
UNSET CellLine
UNSET Cell
UNSET CellLine
UNSET CellLine
UNSET Anatomy
UNSET Cell
UNSET Disease
UNSET Cell
UNSET Anatomy
UNSET Anatomy
UNSET Cell
UNSET Cell
UNSET Anatomy
UNSET Disease
UNSET Anatomy
UNSET CellStructure
UNSET Cell
UNSET Anatomy
UNSET CellLine
UNSET Cell
UNSET CellLine
UNSET Anatomy
UNSET CellLine
UNSET Anatomy
UNSET Cell
UNSET Anatomy
UNSET Cell
UNSET Anatomy
UNSET Cell
UNSET Disease
UNSET Anatomy
UNSET CellLine
UNSET CellLine
UNSET CellLine
UNSET CellLine
UNSET Cell
UNSET Cell
UNSET CellLine
UNSET Anatomy
UNSET Cell
UNSET Anatomy
UNSET Anatomy
UNSET Anatomy
UNSET Disease
UNSET CellLine
UNSET Anatomy
UNSET Cell
UNSET Disease
UNSET CellLine
UNSET Cell
UNSET Anatomy
UNSET Anatomy
UNSET Cell
UNSET Cell
UNSET Cell
UNSET CellLine
UNSET Anatomy
UNSET CellLine
UNSET Anatomy
UNSET Cell
UNSET Cell
UNSET Anatomy
UNSET CellLine
UNSET Anatomy
UNSET Cell
UNSET Cell
UNSET Disease
UNSET Anatomy
UNSET Disease
UNSET Anatomy
UNSET Cell
UNSET Anatomy
UNSET Cell
UNSET CellLine
UNSET Anatomy
UNSET CellLine
UNSET Cell
UNSET Disease
UNSET Cell
UNSET CellLine
UNSET Anatomy
UNSET CellLine
UNSET Cell
UNSET Anatomy
UNSET CellLine
UNSET Anatomy
UNSET Cell
UNSET CellLine
UNSET Cell
UNSET Cell
UNSET CellStructure
UNSET Cell
UNSET Anatomy
UNSET Cell
UNSET Cell
UNSET Cell
UNSET Anatomy
UNSET Cell
UNSET CellLine
UNSET Anatomy
UNSET Cell
UNSET Anatomy
UNSET Anatomy
UNSET CellLine
UNSET Anatomy
UNSET Cell
UNSET Anatomy
UNSET CellLine
UNSET CellStructure
UNSET Cell
UNSET Cell
UNSET Anatomy
UNSET Cell
UNSET Cell
UNSET Cell
UNSET Anatomy
UNSET MeSHAnatomy
UNSET Cell
UNSET Anatomy
UNSET CellLine
UNSET Anatomy
UNSET CellLine
UNSET Anatomy
UNSET Cell
UNSET Anatomy
UNSET CellLine
UNSET Anatomy
UNSET Cell
UNSET CellLine
UNSET Cell
UNSET Cell
UNSET Cell
UNSET Cell
UNSET Anatomy
UNSET Anatomy
UNSET CellLine
UNSET Anatomy
UNSET Cell
UNSET Cell
UNSET Anatomy
UNSET Anatomy
UNSET Cell
UNSET CellLine
UNSET Cell
UNSET Cell
UNSET Anatomy
UNSET CellLine
UNSET Anatomy
UNSET Cell
UNSET Anatomy
UNSET CellLine
UNSET CellLine
UNSET Cell
UNSET Cell
UNSET Cell
UNSET Anatomy
UNSET Cell
UNSET Anatomy
UNSET Disease
UNSET CellLine
UNSET CellLine
UNSET Cell
UNSET CellLine
UNSET Anatomy
UNSET Anatomy
UNSET CellLine
UNSET Cell
UNSET Anatomy
UNSET CellLine
UNSET Cell
UNSET Cell
UNSET Cell
UNSET Cell
UNSET Cell
UNSET Cell
UNSET Cell
UNSET Anatomy
UNSET Cell
UNSET CellLine
UNSET Anatomy
UNSET CellLine
UNSET Anatomy
UNSET Disease
UNSET Cell
UNSET Anatomy
UNSET CellLine
UNSET Anatomy
UNSET Cell
UNSET CellLine
UNSET Anatomy
UNSET Cell
UNSET CellLine
UNSET CellStructure
UNSET Cell
UNSET CellLine
UNSET Cell
UNSET Anatomy
UNSET Cell
UNSET Disease
UNSET Anatomy
UNSET Cell
UNSET Cell
UNSET CellLine
UNSET Cell
UNSET CellLine
UNSET Anatomy
UNSET CellLine
UNSET Anatomy
UNSET Disease
UNSET Cell
UNSET Anatomy
UNSET CellLine
UNSET Cell
UNSET Anatomy
UNSET Anatomy
UNSET CellLine
UNSET CellLine
UNSET Anatomy
UNSET Anatomy
UNSET Cell
UNSET CellLine
UNSET Anatomy
UNSET Anatomy
UNSET Cell
UNSET Anatomy
UNSET CellLine
UNSET Cell
UNSET Anatomy
UNSET CellLine
UNSET Anatomy
UNSET CellLine
UNSET CellLine
UNSET CellStructure
UNSET Anatomy
UNSET Anatomy
UNSET Cell
UNSET CellStructure
UNSET Cell
UNSET Anatomy
UNSET CellLine
UNSET Disease
UNSET CellLine
UNSET Anatomy
UNSET CellLine
UNSET Disease
UNSET Anatomy
UNSET CellLine
UNSET CellLine
UNSET CellLine
UNSET Cell
UNSET CellLine
UNSET Anatomy
UNSET Cell
UNSET Cell
UNSET Anatomy
UNSET Anatomy
UNSET CellLine
UNSET Cell
UNSET CellLine
UNSET Anatomy
UNSET Cell
UNSET Anatomy
UNSET Anatomy
UNSET Cell
UNSET Cell
UNSET Anatomy
UNSET Disease
UNSET CellLine
UNSET Disease
UNSET Anatomy
UNSET CellLine
UNSET Cell
UNSET CellLine
UNSET Cell
UNSET Cell
UNSET CellLine
UNSET Anatomy
UNSET Cell
UNSET Cell
UNSET Cell
UNSET CellLine
UNSET Cell
UNSET Anatomy
UNSET Cell
UNSET Cell
UNSET Cell
UNSET Anatomy
UNSET CellLine
UNSET Anatomy
UNSET CellStructure
UNSET CellLine
UNSET Cell
UNSET Anatomy
UNSET CellLine
UNSET Anatomy
UNSET Cell
UNSET Disease
UNSET Anatomy
UNSET Anatomy
UNSET Cell
UNSET Anatomy
UNSET Cell
UNSET Anatomy
UNSET Cell
UNSET Cell
UNSET CellStructure
UNSET Anatomy
UNSET Cell
UNSET CellLine
UNSET Cell
UNSET Cell
UNSET Disease
UNSET Cell
UNSET CellLine
UNSET Cell
UNSET Cell
UNSET CellLine
UNSET Anatomy
UNSET Cell
UNSET CellStructure
UNSET CellLine
UNSET CellLine
UNSET Anatomy
UNSET Cell
UNSET CellLine
UNSET Cell
UNSET Anatomy
UNSET Cell
UNSET Cell
UNSET CellLine
UNSET Cell
UNSET Anatomy
UNSET Cell
UNSET Cell
UNSET Anatomy
UNSET Cell
UNSET Cell
UNSET Anatomy
UNSET Anatomy
UNSET Anatomy
UNSET Disease
UNSET Cell
UNSET CellLine
UNSET CellLine
UNSET Cell
UNSET Anatomy
UNSET Cell
UNSET Disease
UNSET Anatomy
UNSET Cell
UNSET CellStructure
UNSET Anatomy
UNSET CellLine
UNSET CellLine
UNSET MeSHAnatomy
UNSET Anatomy
UNSET CellLine
UNSET Cell
UNSET CellLine
UNSET Anatomy
UNSET CellLine
UNSET Anatomy
UNSET Cell
UNSET Cell
UNSET Anatomy
UNSET Cell
UNSET Anatomy
UNSET Anatomy
UNSET CellLine
UNSET Anatomy
UNSET Anatomy
UNSET Cell
UNSET Cell
UNSET CellLine
UNSET CellLine
UNSET Anatomy
UNSET CellStructure
UNSET Anatomy
UNSET Cell
UNSET CellLine
UNSET Anatomy
UNSET Cell
UNSET CellLine
UNSET Anatomy
UNSET Cell
UNSET Anatomy
UNSET CellLine
UNSET Cell
UNSET Cell
UNSET Cell
UNSET Cell
UNSET CellLine
UNSET Anatomy
UNSET Anatomy
UNSET CellLine
UNSET Cell
UNSET Cell
UNSET Anatomy
UNSET Cell
UNSET Anatomy
UNSET CellLine
UNSET Anatomy
UNSET Anatomy
UNSET Cell
UNSET Disease
UNSET CellLine
UNSET Cell
UNSET Cell
UNSET Anatomy
UNSET CellStructure
UNSET Anatomy
UNSET Cell
UNSET Anatomy
UNSET Cell
UNSET CellLine
UNSET Anatomy
UNSET Cell
UNSET CellLine
UNSET Anatomy
UNSET CellLine
UNSET CellLine
UNSET Cell
UNSET Anatomy
UNSET Anatomy
UNSET Cell
UNSET Cell
UNSET CellLine
UNSET Anatomy
UNSET Cell
UNSET MeSHAnatomy
UNSET Anatomy
UNSET Cell
UNSET Disease
UNSET Cell
UNSET Anatomy
UNSET Cell
UNSET Anatomy
UNSET CellLine
UNSET Cell
UNSET Cell
UNSET Anatomy
UNSET Anatomy
UNSET Cell
UNSET Cell
UNSET CellLine
UNSET Cell
UNSET Anatomy
UNSET CellLine
UNSET Anatomy
UNSET Cell
UNSET Cell
UNSET Cell
UNSET Anatomy
UNSET CellLine
UNSET Cell
UNSET CellLine
UNSET Cell
UNSET Cell
UNSET Anatomy
UNSET Cell
UNSET CellLine
UNSET Anatomy
UNSET Cell
UNSET CellLine
UNSET Cell
UNSET Anatomy
UNSET Disease
UNSET Anatomy
UNSET Anatomy
UNSET Anatomy
UNSET Cell
UNSET Anatomy
UNSET CellLine
UNSET CellStructure
UNSET Cell
UNSET Cell
UNSET CellLine
UNSET Disease
UNSET CellLine
UNSET Anatomy
UNSET Anatomy
UNSET Cell
UNSET Anatomy
UNSET CellLine
UNSET Cell
UNSET Anatomy
UNSET Cell
UNSET CellLine
UNSET Cell
UNSET Anatomy
UNSET Anatomy
UNSET Disease
UNSET CellLine
UNSET Anatomy
UNSET Anatomy
UNSET Cell
UNSET Cell
UNSET CellLine
UNSET Disease
UNSET CellLine
UNSET CellLine
UNSET CellLine
UNSET Anatomy
UNSET Cell
UNSET Anatomy
UNSET Anatomy
UNSET Anatomy
UNSET Anatomy
UNSET Cell
UNSET Cell
UNSET Anatomy
UNSET CellLine
UNSET Cell
UNSET Anatomy
UNSET Anatomy
UNSET Anatomy
UNSET CellStructure
UNSET Cell
UNSET CellLine
UNSET CellLine
UNSET Cell
UNSET Cell
UNSET Cell
UNSET Anatomy
UNSET CellLine
UNSET Cell
UNSET Cell
UNSET CellStructure
UNSET Anatomy
UNSET Anatomy
UNSET Cell
UNSET CellLine
UNSET Anatomy
UNSET CellLine
UNSET CellLine
UNSET Cell
UNSET Anatomy
UNSET CellLine
UNSET CellLine
UNSET Anatomy
UNSET Anatomy
UNSET CellLine
UNSET Cell
UNSET Anatomy
UNSET Disease
UNSET CellLine
UNSET Cell
UNSET CellLine
UNSET CellLine
UNSET CellLine
UNSET Cell
UNSET Disease
UNSET Anatomy
UNSET Anatomy
UNSET CellLine
UNSET Cell
UNSET CellLine
UNSET Anatomy
UNSET Anatomy
UNSET Anatomy
UNSET CellLine
UNSET Anatomy
UNSET CellLine
UNSET CellStructure
UNSET Anatomy
UNSET Cell
UNSET Anatomy
UNSET Anatomy
UNSET Cell
UNSET Cell
UNSET Anatomy
UNSET CellLine
UNSET Anatomy
UNSET Cell
UNSET Anatomy
UNSET Cell
UNSET Anatomy
UNSET Cell
UNSET Anatomy
UNSET Cell
UNSET CellLine
UNSET CellStructure
UNSET Cell
UNSET Anatomy
UNSET CellLine
UNSET Anatomy
UNSET Cell
UNSET Anatomy
UNSET CellLine
UNSET Anatomy
UNSET Anatomy
UNSET Cell
UNSET Anatomy
UNSET Disease
UNSET CellLine
UNSET Anatomy
UNSET Anatomy
UNSET Disease
UNSET Cell
UNSET CellLine
UNSET Cell
UNSET Cell
UNSET Anatomy
UNSET Anatomy
UNSET CellStructure
UNSET Anatomy
UNSET Anatomy
UNSET Cell
UNSET Disease
UNSET Cell
UNSET CellLine
UNSET Anatomy
UNSET Disease
UNSET Disease
UNSET Disease
UNSET CellLine
UNSET CellLine
UNSET Anatomy
UNSET Anatomy
UNSET Cell
UNSET Cell
UNSET CellLine
UNSET Cell
UNSET Anatomy
UNSET Cell
UNSET CellLine
UNSET Cell
UNSET Anatomy
UNSET Cell
UNSET CellLine
UNSET Cell
UNSET Cell
UNSET CellLine
UNSET Anatomy
UNSET Cell
UNSET Anatomy
UNSET Cell
UNSET Anatomy
UNSET Anatomy
UNSET Cell
UNSET Disease
UNSET CellLine
UNSET Cell
UNSET Anatomy
UNSET Cell
UNSET Cell
UNSET CellLine
UNSET Cell
UNSET Cell
UNSET Disease
UNSET CellLine
UNSET Cell
UNSET Anatomy
UNSET CellLine
UNSET CellLine
UNSET Anatomy
UNSET Cell
UNSET Anatomy
UNSET Cell
UNSET CellLine
UNSET CellLine
UNSET CellLine
UNSET Cell
UNSET Anatomy
UNSET Cell
UNSET Anatomy
UNSET Cell
UNSET Anatomy
UNSET Cell
UNSET Cell
UNSET Disease
UNSET CellLine
UNSET Anatomy
UNSET Cell
UNSET Cell
UNSET Cell
UNSET CellLine
UNSET Disease
UNSET Anatomy
UNSET CellStructure
UNSET Anatomy
UNSET MeSHAnatomy
UNSET CellLine
UNSET Anatomy
UNSET Cell
UNSET MeSHAnatomy
UNSET Cell
UNSET Cell
UNSET CellLine
UNSET Cell
UNSET Anatomy
UNSET Anatomy
UNSET Anatomy
UNSET CellLine
UNSET Cell
UNSET CellLine
UNSET CellLine
UNSET Disease
UNSET Cell
UNSET Cell
UNSET Cell
UNSET Anatomy
UNSET CellLine
UNSET Cell
UNSET Anatomy
UNSET Anatomy
UNSET Anatomy
UNSET CellLine
UNSET Anatomy
UNSET Cell
UNSET Anatomy
UNSET Cell
UNSET CellLine
UNSET Anatomy
UNSET Anatomy
UNSET CellLine
UNSET Anatomy
UNSET Anatomy
UNSET CellLine
UNSET Cell
UNSET Anatomy
UNSET CellLine
UNSET Cell
UNSET Cell
UNSET CellLine
UNSET Anatomy
UNSET CellLine
UNSET CellLine
UNSET Disease
UNSET CellLine
UNSET CellLine
UNSET Anatomy
UNSET Cell
UNSET Anatomy
UNSET CellLine
UNSET Anatomy
UNSET CellLine
UNSET Anatomy
UNSET Cell
UNSET Cell
UNSET Anatomy
UNSET CellStructure
UNSET Anatomy
UNSET Cell
UNSET Anatomy
UNSET Anatomy
UNSET Cell
UNSET Anatomy
UNSET CellLine
UNSET Cell
UNSET Cell
UNSET Cell
UNSET Anatomy
UNSET Cell
UNSET CellLine
UNSET Anatomy
UNSET Anatomy
UNSET CellLine
UNSET Anatomy
UNSET CellLine
UNSET Cell
UNSET Anatomy
UNSET Cell
UNSET Anatomy
UNSET CellLine
UNSET CellLine
UNSET Cell
UNSET Anatomy
UNSET Cell
UNSET Anatomy
UNSET Cell
UNSET CellStructure
UNSET CellLine
UNSET Anatomy
UNSET Anatomy
UNSET CellLine
UNSET Anatomy
UNSET Disease
UNSET Anatomy
UNSET Anatomy
UNSET Cell
UNSET Anatomy
UNSET Anatomy
UNSET CellLine
UNSET CellLine
UNSET Cell
UNSET CellLine
UNSET Cell
UNSET CellLine
UNSET Cell
UNSET Disease
UNSET CellStructure
UNSET Cell
UNSET Anatomy
UNSET Anatomy
UNSET Cell
UNSET Anatomy
UNSET CellLine
UNSET Cell
UNSET Cell
UNSET Anatomy
UNSET Cell
UNSET Anatomy
UNSET Anatomy
UNSET Cell
UNSET Anatomy
UNSET Disease
UNSET Cell
UNSET Anatomy
UNSET Cell
UNSET Cell
UNSET Disease
UNSET Cell
UNSET Cell
UNSET Cell
UNSET Anatomy
UNSET Anatomy
UNSET Cell
UNSET Anatomy
UNSET Anatomy
UNSET Cell
UNSET Cell
UNSET Anatomy
UNSET CellLine
UNSET Anatomy
UNSET Cell
UNSET Anatomy
UNSET Anatomy
UNSET Cell
UNSET CellLine
UNSET Cell
UNSET Cell
UNSET Anatomy
UNSET Cell
UNSET CellStructure
UNSET CellLine
UNSET Disease
UNSET CellLine
UNSET Anatomy
UNSET CellLine
UNSET Cell
UNSET CellLine
UNSET CellLine
UNSET Anatomy
UNSET Disease
UNSET Anatomy
UNSET CellLine
UNSET Cell
UNSET Cell
UNSET Cell
UNSET Anatomy
UNSET Anatomy
UNSET Anatomy
UNSET CellLine
UNSET Cell
UNSET Anatomy
UNSET CellLine
UNSET Anatomy
UNSET Cell
UNSET Anatomy
UNSET Cell
UNSET Anatomy
UNSET Anatomy
UNSET Cell
UNSET Anatomy
UNSET CellLine
UNSET Anatomy
UNSET Cell
UNSET Cell
UNSET Anatomy
UNSET Anatomy
UNSET CellLine
UNSET Anatomy
UNSET Disease
UNSET Anatomy
UNSET Disease
UNSET Cell
UNSET CellLine
UNSET Anatomy
UNSET CellLine
UNSET CellLine
UNSET Anatomy
UNSET Cell
UNSET CellStructure
UNSET Anatomy
UNSET Anatomy
UNSET CellLine
UNSET Cell
UNSET CellLine
UNSET Cell
UNSET CellLine
UNSET Anatomy
UNSET Anatomy
UNSET Disease
UNSET Anatomy
UNSET Cell
UNSET Disease
UNSET Cell
UNSET CellLine
UNSET Anatomy
UNSET Disease
UNSET Anatomy
UNSET Anatomy
UNSET Anatomy
UNSET Anatomy
UNSET Anatomy
UNSET CellLine
UNSET Cell
UNSET Anatomy
UNSET Anatomy
UNSET Disease
UNSET CellLine
UNSET Anatomy
UNSET Cell
UNSET Cell
UNSET Anatomy
UNSET Cell
UNSET Cell
UNSET Cell
UNSET Anatomy
UNSET Cell
UNSET Anatomy
UNSET Cell
UNSET Anatomy
UNSET CellLine
UNSET Anatomy
UNSET Cell
UNSET Cell
UNSET Anatomy
UNSET Disease
UNSET CellLine
UNSET Cell
UNSET Anatomy
UNSET Anatomy
UNSET Cell
UNSET Anatomy
UNSET CellStructure
UNSET Cell
UNSET Anatomy
UNSET CellLine
UNSET Disease
UNSET Anatomy
UNSET Anatomy
UNSET Cell
UNSET Anatomy
UNSET Cell
UNSET Anatomy
UNSET Cell
UNSET Disease
UNSET Cell
UNSET Cell
UNSET Anatomy
UNSET Cell
UNSET Anatomy
UNSET CellLine
UNSET Cell
UNSET Anatomy
UNSET Disease
UNSET Anatomy
UNSET Cell
UNSET Cell
UNSET Cell
UNSET Cell
UNSET Disease
UNSET Cell
UNSET CellLine
UNSET CellLine
UNSET CellLine
UNSET Disease
UNSET Cell
UNSET Cell
UNSET Anatomy
UNSET Anatomy
UNSET Anatomy
UNSET Anatomy
UNSET Cell
UNSET Cell
UNSET Anatomy
UNSET Cell
UNSET Disease
UNSET Cell
UNSET CellLine
UNSET Anatomy
UNSET Anatomy
UNSET Anatomy
UNSET CellLine
UNSET CellLine
UNSET Anatomy
UNSET CellStructure
UNSET CellLine
UNSET Anatomy
UNSET CellLine
UNSET Cell
UNSET Anatomy
UNSET CellLine
UNSET Cell
UNSET Cell
UNSET Anatomy
UNSET CellLine
UNSET Cell
UNSET Cell
UNSET Disease
UNSET Anatomy
UNSET Cell
UNSET CellStructure
UNSET Cell
UNSET CellStructure
UNSET Anatomy
UNSET Cell
UNSET Anatomy
UNSET Cell
UNSET Anatomy
UNSET Anatomy
UNSET Cell
UNSET Anatomy
UNSET Anatomy
UNSET Anatomy
UNSET Anatomy
UNSET Disease
UNSET CellLine
UNSET Cell
UNSET Anatomy
UNSET Cell
UNSET Cell
UNSET CellLine
UNSET CellLine
UNSET Cell
UNSET Anatomy
UNSET Anatomy
UNSET CellLine
UNSET Anatomy
UNSET Anatomy
UNSET Cell
UNSET CellLine
UNSET Anatomy
UNSET Anatomy
UNSET Cell
UNSET Cell
UNSET Cell
UNSET Cell
UNSET CellLine
UNSET Disease
UNSET Cell
UNSET Anatomy
UNSET Cell
UNSET Disease
UNSET Cell
UNSET Anatomy
UNSET MeSHAnatomy
UNSET Cell
UNSET CellLine
UNSET CellLine
UNSET CellLine
UNSET Cell
UNSET Anatomy
UNSET Anatomy
UNSET Disease
UNSET Anatomy
UNSET Cell
UNSET Cell
UNSET Cell
UNSET Cell
UNSET CellLine
UNSET Anatomy
UNSET Cell
UNSET Cell
UNSET Anatomy
UNSET Anatomy
UNSET Cell
UNSET Cell
UNSET CellLine
UNSET Cell
UNSET Cell
UNSET Cell
UNSET Disease
UNSET Cell
UNSET Anatomy
UNSET Cell
UNSET CellLine
UNSET Anatomy
UNSET Cell
UNSET Anatomy
UNSET Cell
UNSET Disease
UNSET CellLine
UNSET Anatomy
UNSET Cell
UNSET Anatomy
UNSET CellLine
UNSET CellLine
UNSET Anatomy
UNSET Cell
UNSET Cell
UNSET CellLine
UNSET Anatomy
UNSET Cell
UNSET Cell
UNSET Disease
UNSET Cell
UNSET Cell
UNSET Anatomy
UNSET Cell
UNSET Anatomy
UNSET Cell
UNSET Cell
UNSET Anatomy
UNSET CellLine
UNSET CellLine
UNSET Disease
UNSET Cell
UNSET Anatomy
UNSET Cell
UNSET Cell
UNSET Disease
UNSET Anatomy
UNSET Cell
UNSET Anatomy
UNSET Cell
UNSET Anatomy
UNSET CellLine
UNSET Anatomy
UNSET CellLine
UNSET Cell
UNSET Anatomy
UNSET Cell
UNSET Cell
UNSET Anatomy
UNSET CellLine
UNSET Anatomy
UNSET CellStructure
UNSET Cell
UNSET CellLine
UNSET Cell
UNSET Anatomy
UNSET Cell
UNSET CellLine
UNSET Anatomy
UNSET CellLine
UNSET Anatomy
UNSET Cell
UNSET Anatomy
UNSET CellLine
UNSET Anatomy
UNSET CellLine
UNSET Cell
UNSET Anatomy
UNSET Cell
UNSET Cell
UNSET CellLine
UNSET Anatomy
UNSET Disease
UNSET Anatomy
UNSET CellLine
UNSET Cell
UNSET Anatomy
UNSET Cell
UNSET Cell
UNSET CellLine
UNSET Cell
UNSET Anatomy
UNSET CellLine
UNSET Anatomy
UNSET Anatomy
UNSET Cell
UNSET CellLine
UNSET Anatomy
UNSET Cell
UNSET Anatomy
UNSET Cell
UNSET Anatomy
UNSET CellStructure
UNSET Cell
UNSET CellStructure
UNSET Cell
UNSET Cell
UNSET Anatomy
UNSET CellLine
UNSET Cell
UNSET CellStructure
UNSET Cell
UNSET CellLine
UNSET Anatomy
UNSET Disease
UNSET Cell
UNSET Anatomy
UNSET Anatomy
UNSET CellLine
UNSET CellLine
UNSET Cell
UNSET Anatomy
UNSET Anatomy
UNSET Cell
UNSET Anatomy
UNSET Anatomy
UNSET Cell
UNSET Anatomy
UNSET Anatomy
UNSET Cell
UNSET Anatomy
UNSET Cell
UNSET Anatomy
UNSET Cell
UNSET Anatomy
UNSET Cell
UNSET Anatomy
UNSET Cell
UNSET Anatomy
UNSET Cell
UNSET CellLine
UNSET Anatomy
UNSET Anatomy
UNSET CellLine
UNSET Anatomy
UNSET Anatomy
UNSET Anatomy
UNSET CellLine
UNSET Cell
UNSET Anatomy
UNSET Cell
UNSET Disease
UNSET Cell
UNSET Anatomy
UNSET Anatomy
UNSET Anatomy
UNSET CellLine
UNSET CellLine
UNSET Cell
UNSET Anatomy
UNSET Cell
UNSET CellLine
UNSET Anatomy
UNSET Cell
UNSET Anatomy
UNSET Disease
UNSET Anatomy
UNSET Cell
UNSET Cell
UNSET Cell
UNSET Anatomy
UNSET Cell
UNSET Anatomy
UNSET Cell
UNSET MeSHAnatomy
UNSET Anatomy
UNSET Cell
UNSET Anatomy
UNSET Cell
UNSET Anatomy
UNSET CellLine
UNSET Anatomy
UNSET Disease
UNSET CellLine
UNSET Cell
UNSET Anatomy
UNSET CellLine
UNSET CellLine
UNSET CellLine
UNSET Cell
UNSET Cell
UNSET CellLine
UNSET Anatomy
UNSET Disease
UNSET Cell
UNSET Anatomy
UNSET Anatomy
UNSET Cell
UNSET Anatomy
UNSET Anatomy
UNSET Cell
UNSET CellStructure
UNSET Cell
UNSET Anatomy
UNSET Cell
UNSET Cell
UNSET Anatomy
UNSET CellLine
UNSET Anatomy
UNSET CellLine
UNSET CellLine
UNSET Cell
UNSET Anatomy
UNSET Anatomy
UNSET Disease
UNSET Cell
UNSET Anatomy
UNSET CellLine
UNSET CellStructure
UNSET CellLine
UNSET Cell
UNSET Cell
UNSET Anatomy
UNSET Cell
UNSET CellLine
UNSET Cell
UNSET Anatomy
UNSET Cell
UNSET Anatomy
UNSET Cell
UNSET CellLine
UNSET Anatomy
UNSET Anatomy
UNSET Anatomy
UNSET Cell
UNSET Anatomy
UNSET Cell
UNSET CellLine
UNSET CellLine
UNSET Cell
UNSET CellStructure
UNSET Cell
UNSET Anatomy
UNSET CellLine
UNSET Anatomy
UNSET Cell
UNSET Cell
UNSET Cell
UNSET Anatomy
UNSET Cell
UNSET Anatomy
UNSET CellLine
UNSET CellStructure
UNSET Anatomy
UNSET CellLine
UNSET Anatomy
UNSET CellLine
UNSET Anatomy
UNSET Disease
UNSET Cell
UNSET Cell
UNSET CellLine
UNSET Anatomy
UNSET Cell
UNSET Cell
UNSET Anatomy
UNSET Cell
UNSET Cell
UNSET CellLine
UNSET CellLine
UNSET CellLine
UNSET CellLine
UNSET Anatomy
UNSET CellLine
UNSET Cell
UNSET Anatomy
UNSET Anatomy
UNSET Anatomy
UNSET Cell
UNSET CellLine
UNSET Anatomy
UNSET Cell
UNSET CellLine
UNSET Cell
UNSET Anatomy
UNSET Cell
UNSET Cell
UNSET Cell
UNSET Anatomy
UNSET Anatomy
UNSET CellLine
UNSET Anatomy
UNSET Cell
UNSET Anatomy
UNSET Anatomy
UNSET Anatomy
UNSET Cell
UNSET Anatomy
UNSET CellLine
UNSET CellLine
UNSET Anatomy
UNSET MeSHAnatomy
UNSET Cell
UNSET Disease
UNSET Cell
UNSET Anatomy
UNSET Cell
UNSET Anatomy
UNSET Cell
UNSET Anatomy
UNSET Disease
UNSET Cell
UNSET Anatomy
UNSET Anatomy
UNSET CellStructure
UNSET Cell
UNSET Cell
UNSET Anatomy
UNSET Cell
UNSET Anatomy
UNSET Cell
UNSET Cell
UNSET Anatomy
UNSET Cell
UNSET Anatomy
UNSET CellLine
UNSET Cell
UNSET Cell
UNSET CellLine
UNSET Anatomy
UNSET Anatomy
UNSET CellStructure
UNSET Anatomy
UNSET Cell
UNSET Anatomy
UNSET Cell
UNSET Anatomy
UNSET Cell
UNSET CellLine
UNSET Cell
UNSET CellLine
UNSET Anatomy
UNSET CellLine
UNSET Cell
UNSET Disease
UNSET CellLine
UNSET Anatomy
UNSET CellLine
UNSET Anatomy
UNSET Cell
UNSET CellLine
UNSET Cell
UNSET Cell
UNSET Cell
UNSET CellLine
UNSET CellLine
UNSET Anatomy
UNSET CellLine
UNSET Anatomy
UNSET Cell
UNSET Anatomy
UNSET Disease
UNSET CellLine
UNSET Cell
UNSET CellLine
UNSET Anatomy
UNSET Cell
UNSET Anatomy
UNSET CellLine
UNSET Anatomy
UNSET Cell
UNSET Anatomy
UNSET Cell
UNSET Cell
UNSET Anatomy
UNSET Cell
UNSET Anatomy
UNSET Disease
UNSET Anatomy
UNSET Anatomy
UNSET Cell
UNSET Anatomy
UNSET CellLine
UNSET Anatomy
UNSET Anatomy
UNSET Cell
UNSET Anatomy
UNSET Cell
UNSET Cell
UNSET Anatomy
UNSET Anatomy
UNSET CellLine
UNSET Cell
UNSET CellLine
UNSET Cell
UNSET Anatomy
UNSET Disease
UNSET Anatomy
UNSET CellLine
UNSET Anatomy
UNSET Cell
UNSET Cell
UNSET Anatomy
UNSET Anatomy
UNSET CellLine
UNSET Anatomy
UNSET CellLine
UNSET Anatomy
UNSET Anatomy
UNSET Cell
UNSET CellLine
UNSET Cell
UNSET Anatomy
UNSET Cell
UNSET Disease
UNSET CellLine
UNSET Anatomy
UNSET Cell
UNSET Anatomy
UNSET Cell
UNSET Anatomy
UNSET Anatomy
UNSET CellLine
UNSET Anatomy
UNSET Cell
UNSET Cell
UNSET CellLine
UNSET Cell
UNSET Anatomy
UNSET Cell
UNSET Cell
UNSET Anatomy
UNSET Cell
UNSET CellLine
UNSET CellStructure
UNSET Anatomy
UNSET CellStructure
UNSET Cell
UNSET CellLine
UNSET Cell
UNSET CellLine
UNSET Disease
UNSET Anatomy
UNSET Anatomy
UNSET Anatomy
UNSET CellLine
UNSET Cell
UNSET Cell
UNSET Anatomy
UNSET Cell
UNSET Cell
UNSET Anatomy
UNSET Cell
UNSET CellLine
UNSET CellStructure
UNSET Cell
UNSET Anatomy
UNSET Cell
UNSET Anatomy
UNSET Cell
UNSET Anatomy
UNSET CellStructure
UNSET Anatomy
UNSET Cell
UNSET CellStructure
UNSET Anatomy
UNSET Anatomy
UNSET Anatomy
UNSET Cell
UNSET CellLine
UNSET Cell
UNSET Disease
UNSET Anatomy
UNSET Cell
UNSET Cell
UNSET CellLine
UNSET Anatomy
UNSET Anatomy
UNSET Cell
UNSET CellLine
UNSET Anatomy
UNSET CellLine
UNSET Anatomy
UNSET Cell
UNSET Anatomy
UNSET Anatomy
UNSET Anatomy
UNSET Anatomy
UNSET Cell
UNSET Anatomy
UNSET Cell
UNSET CellLine
UNSET CellLine
UNSET CellLine
UNSET Disease
UNSET Cell
UNSET CellLine
UNSET Cell
UNSET Cell
UNSET Anatomy
UNSET Anatomy
UNSET Anatomy
UNSET Cell
UNSET Anatomy
UNSET Disease
UNSET Anatomy
UNSET CellLine
UNSET Cell
UNSET Cell
UNSET CellLine
UNSET Cell
UNSET CellLine
UNSET Anatomy
UNSET Cell
UNSET CellLine
UNSET Cell
UNSET Anatomy
UNSET Anatomy
UNSET CellLine
UNSET CellLine
UNSET Cell
UNSET CellLine
UNSET Anatomy
UNSET Cell
UNSET Anatomy
UNSET Anatomy
UNSET Cell
UNSET Anatomy
UNSET Cell
UNSET Anatomy
UNSET Cell
UNSET Anatomy
UNSET CellLine
UNSET CellStructure
UNSET Anatomy
UNSET Cell
UNSET CellLine
UNSET Anatomy
UNSET Cell
UNSET CellLine
UNSET Disease
UNSET CellLine
UNSET Anatomy
UNSET Cell
UNSET Cell
UNSET Disease
UNSET Cell
UNSET Cell
UNSET Cell
UNSET Anatomy
UNSET Cell
UNSET Anatomy
UNSET Anatomy
UNSET Cell
UNSET Anatomy
UNSET Cell
UNSET Anatomy
UNSET CellLine
UNSET Cell
UNSET Cell
UNSET Anatomy
UNSET Cell
UNSET CellStructure
UNSET Cell
UNSET Anatomy
UNSET Cell
UNSET Anatomy
UNSET CellLine
UNSET Anatomy
UNSET Cell
UNSET CellStructure
UNSET Cell
UNSET Anatomy
UNSET Anatomy
UNSET Disease
UNSET Anatomy
UNSET Cell
UNSET CellLine
UNSET Cell
UNSET Anatomy
UNSET Cell
UNSET Anatomy
UNSET CellLine
UNSET CellLine
UNSET Anatomy
UNSET Anatomy
UNSET Anatomy
UNSET Anatomy
UNSET CellStructure
UNSET Anatomy
UNSET Anatomy
UNSET Anatomy
UNSET Anatomy
UNSET Cell
UNSET Anatomy
UNSET Cell
UNSET CellLine
UNSET Anatomy
UNSET Cell
UNSET CellStructure
UNSET Disease
UNSET CellLine
UNSET CellLine
UNSET Anatomy
UNSET Disease
UNSET Cell
UNSET Cell
UNSET Anatomy
UNSET CellStructure
UNSET Anatomy
UNSET Anatomy
UNSET Disease
UNSET Anatomy
UNSET Cell
UNSET Anatomy
UNSET Cell
UNSET Disease
UNSET CellLine
UNSET Cell
UNSET Cell
UNSET Cell
UNSET Cell
UNSET Anatomy
UNSET Cell
UNSET Anatomy
UNSET Cell
UNSET Cell
UNSET Anatomy
UNSET CellStructure
UNSET Cell
UNSET Anatomy
UNSET Anatomy
UNSET Anatomy
UNSET Anatomy
UNSET Anatomy
UNSET Cell
UNSET CellLine
UNSET CellLine
UNSET Anatomy
UNSET Anatomy
UNSET CellStructure
UNSET Cell
UNSET CellLine
UNSET Anatomy
UNSET Cell
UNSET Disease
UNSET Cell
UNSET Disease
UNSET CellLine
UNSET CellLine
UNSET Anatomy
UNSET Cell
UNSET Anatomy
UNSET Cell
UNSET CellLine
UNSET Anatomy
UNSET Cell
UNSET Anatomy
UNSET Cell
UNSET Anatomy
UNSET Cell
UNSET CellStructure
UNSET Cell
UNSET Cell
UNSET CellLine
UNSET Cell
UNSET Anatomy
UNSET Anatomy
UNSET Cell
UNSET Disease
UNSET Anatomy
UNSET Cell
UNSET Cell
UNSET Anatomy
UNSET Cell
UNSET Anatomy
UNSET CellLine
UNSET Cell
UNSET Cell
UNSET Cell
UNSET Anatomy
UNSET CellLine
UNSET Anatomy
UNSET Cell
UNSET CellLine
UNSET Disease
UNSET Cell
UNSET CellLine
UNSET CellLine
UNSET Cell
UNSET Anatomy
UNSET CellLine
UNSET Cell
UNSET CellLine
UNSET Anatomy
UNSET Anatomy
UNSET CellLine
UNSET CellLine
UNSET Cell
UNSET Cell
UNSET Anatomy
UNSET Anatomy
UNSET Cell
UNSET Anatomy
UNSET Cell
UNSET Anatomy
UNSET CellLine
UNSET Cell
UNSET Cell
UNSET CellLine
UNSET CellLine
UNSET CellLine
UNSET Cell
UNSET Cell
UNSET Anatomy
UNSET CellStructure
UNSET Anatomy
UNSET CellLine
UNSET Anatomy
UNSET Anatomy
UNSET Anatomy
UNSET Anatomy
UNSET Anatomy
UNSET Cell
UNSET Cell
UNSET Anatomy
UNSET Anatomy
UNSET Anatomy
UNSET Anatomy
UNSET CellLine
UNSET Cell
UNSET Cell
UNSET Cell
UNSET Cell
UNSET CellLine
UNSET Anatomy
UNSET CellLine
UNSET Anatomy
UNSET Cell
UNSET Anatomy
UNSET Anatomy
UNSET Anatomy
UNSET Disease
UNSET Anatomy
UNSET Cell
UNSET Anatomy
UNSET Cell
UNSET Anatomy
UNSET Cell
UNSET Cell
UNSET Anatomy
UNSET Cell
UNSET Cell
UNSET Anatomy
UNSET Anatomy
UNSET CellLine
UNSET Cell
UNSET Anatomy
UNSET Cell
UNSET Anatomy
UNSET Cell
UNSET Cell
UNSET MeSHAnatomy
UNSET Anatomy
UNSET Cell
UNSET Disease
UNSET Cell
UNSET Anatomy
UNSET Cell
UNSET Anatomy
UNSET Anatomy
UNSET Cell
UNSET Anatomy
UNSET Cell
UNSET Cell
UNSET Anatomy
UNSET CellLine
UNSET Anatomy
UNSET Cell
UNSET Anatomy
UNSET Cell
UNSET CellLine
UNSET Anatomy
UNSET Cell
UNSET Anatomy
UNSET CellLine
UNSET Cell
UNSET Anatomy
UNSET Cell
UNSET CellLine
UNSET Anatomy
UNSET Anatomy
UNSET Cell
UNSET Anatomy
UNSET CellStructure
UNSET Cell
UNSET Cell
UNSET Anatomy
UNSET Disease
UNSET Anatomy
UNSET Cell
UNSET Anatomy
UNSET Anatomy
UNSET Disease
UNSET Anatomy
UNSET CellLine
UNSET Cell
UNSET Anatomy
UNSET Anatomy
UNSET Cell
UNSET CellLine
UNSET Disease
UNSET Anatomy
UNSET CellStructure
UNSET Cell
UNSET Cell
UNSET Anatomy
UNSET Cell
UNSET CellLine
UNSET CellLine
UNSET Cell
UNSET Anatomy
UNSET Cell
UNSET Cell
UNSET Anatomy
UNSET Disease
UNSET Cell
UNSET Anatomy
UNSET Cell
UNSET Anatomy
UNSET Cell
UNSET Disease
UNSET Anatomy
UNSET Cell
UNSET CellLine
UNSET Anatomy
UNSET Cell
UNSET Anatomy
UNSET Cell
UNSET Anatomy
UNSET Anatomy
UNSET Cell
UNSET CellLine
UNSET Anatomy
UNSET CellLine
UNSET Anatomy
UNSET Anatomy
UNSET Cell
UNSET Anatomy
UNSET CellLine
UNSET Cell
UNSET Cell
UNSET CellLine
UNSET Cell
UNSET Anatomy
UNSET Anatomy
UNSET Cell
UNSET CellLine
UNSET Cell
UNSET CellLine
UNSET Cell
UNSET Anatomy
UNSET Cell
UNSET Cell
UNSET Cell
UNSET Cell
UNSET Cell
UNSET Anatomy
UNSET Cell
UNSET Anatomy
UNSET Anatomy
UNSET Anatomy
UNSET Cell
UNSET Anatomy
UNSET Cell
UNSET Cell
UNSET Cell
UNSET Anatomy
UNSET Cell
UNSET Anatomy
UNSET CellLine
UNSET Anatomy
UNSET Cell
UNSET CellLine
UNSET Cell
UNSET Anatomy
UNSET Cell
UNSET CellLine
UNSET CellLine
UNSET Cell
UNSET Anatomy
UNSET Cell
UNSET Cell
UNSET Cell
UNSET Cell
UNSET Anatomy
UNSET Cell
UNSET Cell
UNSET CellStructure
UNSET Anatomy
UNSET Cell
UNSET CellLine
UNSET Anatomy
UNSET Cell
UNSET Anatomy
UNSET Cell
UNSET Disease
UNSET Anatomy
UNSET Anatomy
UNSET Disease
UNSET CellLine
UNSET Cell
UNSET Anatomy
UNSET Cell
UNSET CellLine
UNSET Cell
UNSET CellLine
UNSET MeSHAnatomy
UNSET Anatomy
UNSET Cell
UNSET Anatomy
UNSET Cell
UNSET CellLine
UNSET Cell
UNSET Anatomy
UNSET Cell
UNSET Anatomy
UNSET Cell
UNSET MeSHAnatomy
UNSET CellStructure
UNSET Cell
UNSET CellLine
UNSET Cell
UNSET Disease
UNSET Disease
UNSET Cell
UNSET Anatomy
UNSET Anatomy
UNSET Cell
UNSET Cell
UNSET Cell
UNSET Anatomy
UNSET CellLine
UNSET Anatomy
UNSET Anatomy
UNSET CellLine
UNSET Cell
UNSET Anatomy
UNSET Cell
UNSET CellStructure
UNSET Anatomy
UNSET Anatomy
UNSET Anatomy
UNSET Anatomy
UNSET CellLine
UNSET CellStructure
UNSET Anatomy
UNSET Anatomy
UNSET Anatomy
UNSET Cell
UNSET Anatomy
UNSET Anatomy
UNSET Anatomy
UNSET Anatomy
UNSET Cell
UNSET Anatomy
UNSET Anatomy
UNSET Anatomy
UNSET Cell
UNSET Disease
UNSET Anatomy
UNSET Cell
UNSET Cell
UNSET Cell
UNSET Cell
UNSET Anatomy
UNSET CellLine
UNSET Cell
UNSET Cell
UNSET Anatomy
UNSET CellLine
UNSET Cell
UNSET Anatomy
UNSET Anatomy
UNSET Cell
UNSET Anatomy
UNSET Anatomy
UNSET CellLine
UNSET Anatomy
UNSET Cell
UNSET Anatomy
UNSET Cell
UNSET Cell
UNSET CellLine
UNSET Cell
UNSET Anatomy
UNSET CellLine
UNSET Disease
UNSET Cell
UNSET CellLine
UNSET Anatomy
UNSET CellLine
UNSET Disease
UNSET Anatomy
UNSET Cell
UNSET CellLine
UNSET Anatomy
UNSET CellLine
UNSET Cell
UNSET Cell
UNSET Cell
UNSET Anatomy
UNSET Cell
UNSET Cell
UNSET Disease
UNSET Anatomy
UNSET Anatomy
UNSET Anatomy
UNSET Cell
UNSET Anatomy
UNSET CellLine
UNSET Cell
UNSET Cell
UNSET Cell
UNSET CellLine
UNSET Anatomy
UNSET Anatomy
UNSET Cell
UNSET Anatomy
UNSET Cell
UNSET CellLine
UNSET Anatomy
UNSET CellStructure
UNSET Cell
UNSET Anatomy
UNSET Cell
UNSET CellLine
UNSET Cell
UNSET Cell
UNSET Anatomy
UNSET Disease
UNSET Cell
UNSET CellLine
UNSET Anatomy
UNSET CellStructure
UNSET Anatomy
UNSET Cell
UNSET Cell
UNSET Anatomy
UNSET Cell
UNSET Anatomy
UNSET CellLine
UNSET Cell
UNSET Anatomy
UNSET Cell
UNSET Anatomy
UNSET Anatomy
UNSET Cell
UNSET Anatomy
UNSET Anatomy
UNSET Cell
UNSET Cell
UNSET CellLine
UNSET Anatomy
UNSET Cell
UNSET Disease
UNSET Anatomy
UNSET Cell
UNSET Anatomy
UNSET Cell
UNSET Cell
UNSET Anatomy
UNSET CellLine
UNSET Cell
UNSET Anatomy
UNSET Cell
UNSET Anatomy
UNSET Cell
UNSET CellLine
UNSET Anatomy
UNSET Cell
UNSET CellLine
UNSET CellStructure
UNSET Cell
UNSET Anatomy
UNSET Cell
UNSET Anatomy
UNSET Disease
UNSET Anatomy
UNSET Cell
UNSET Anatomy
UNSET CellLine
UNSET Cell
UNSET Anatomy
UNSET Cell
UNSET Anatomy
UNSET Anatomy
UNSET Disease
UNSET Cell
UNSET CellLine
UNSET Cell
UNSET CellLine
UNSET Anatomy
UNSET Cell
UNSET CellLine
UNSET Anatomy
UNSET Cell
UNSET Anatomy
UNSET CellLine
UNSET CellLine
UNSET Cell
UNSET Anatomy
UNSET Cell
UNSET Anatomy
UNSET Anatomy
UNSET Cell
UNSET CellLine
UNSET Cell
UNSET Anatomy
UNSET Cell
UNSET CellStructure
UNSET Anatomy
UNSET Anatomy
UNSET Cell
UNSET CellStructure
UNSET CellLine
UNSET Cell
UNSET Anatomy
UNSET Anatomy
UNSET Cell
UNSET Anatomy
UNSET Disease
UNSET Cell
UNSET CellLine
UNSET Disease
UNSET Cell
UNSET Anatomy
UNSET CellLine
UNSET Cell
UNSET Anatomy
UNSET Disease
UNSET CellLine
UNSET Cell
UNSET Anatomy
UNSET Cell
UNSET Anatomy
UNSET CellLine
UNSET Anatomy
UNSET Anatomy
UNSET Anatomy
UNSET Anatomy
UNSET Cell
UNSET Cell
UNSET Cell
UNSET Anatomy
UNSET Cell
UNSET CellStructure
UNSET CellLine
UNSET CellLine
UNSET Anatomy
UNSET Anatomy
UNSET Anatomy
UNSET CellLine
UNSET CellLine
UNSET Cell
UNSET Cell
UNSET Anatomy
UNSET Cell
UNSET CellLine
UNSET Cell
UNSET Anatomy
UNSET Cell
UNSET CellStructure
UNSET Disease
UNSET Anatomy
UNSET Anatomy
UNSET Cell
UNSET Anatomy
UNSET CellLine
UNSET Anatomy
UNSET Cell
UNSET CellLine
UNSET Anatomy
UNSET Cell
UNSET Anatomy
UNSET Cell
UNSET Anatomy
UNSET Cell
UNSET CellLine
UNSET Cell
UNSET CellLine
UNSET Cell
UNSET Anatomy
UNSET Cell
UNSET Anatomy
UNSET Anatomy
UNSET Cell
UNSET Anatomy
UNSET Cell
UNSET Cell
UNSET Cell
UNSET Anatomy
UNSET CellStructure
UNSET Cell
UNSET CellLine
UNSET Anatomy
UNSET Anatomy
UNSET CellLine
UNSET CellLine
UNSET Cell
UNSET Cell
UNSET CellLine
UNSET Cell
UNSET Cell
UNSET Anatomy
UNSET Anatomy
UNSET Anatomy
UNSET CellLine
UNSET Anatomy
UNSET Cell
UNSET Anatomy
UNSET CellLine
UNSET Anatomy
UNSET CellLine
UNSET CellStructure
UNSET CellStructure
UNSET Cell
UNSET Cell
UNSET CellLine
UNSET Cell
UNSET Anatomy
UNSET CellLine
UNSET Cell
UNSET CellLine
UNSET CellLine
UNSET Cell
UNSET Anatomy
UNSET Anatomy
UNSET Cell
UNSET Anatomy
UNSET CellLine
UNSET Anatomy
UNSET CellLine
UNSET Anatomy
UNSET CellLine
UNSET Cell
UNSET CellLine
UNSET Cell
UNSET Cell
UNSET Anatomy
UNSET CellLine
UNSET Cell
UNSET Cell
UNSET CellLine
UNSET Cell
UNSET Anatomy
UNSET Cell
UNSET Cell
UNSET Anatomy
UNSET Anatomy
UNSET Anatomy
UNSET Cell
UNSET CellLine
UNSET Anatomy
UNSET Cell
UNSET Cell
UNSET Anatomy
UNSET CellLine
UNSET Anatomy
UNSET CellLine
UNSET Anatomy
UNSET CellLine
UNSET Cell
UNSET Cell
UNSET Anatomy
UNSET CellLine
UNSET Anatomy
UNSET CellLine
UNSET CellLine
UNSET Anatomy
UNSET CellLine
UNSET CellLine
UNSET Cell
UNSET CellLine
UNSET Cell
UNSET Cell
UNSET Anatomy
UNSET CellLine
UNSET Disease
UNSET CellLine
UNSET Cell
UNSET Anatomy
UNSET Anatomy
UNSET Cell
UNSET Anatomy
UNSET Cell
UNSET CellLine
UNSET Anatomy
UNSET CellLine
UNSET Disease
UNSET Anatomy
UNSET Disease
UNSET Anatomy
UNSET Cell
UNSET Cell
UNSET CellLine
UNSET Anatomy
UNSET Anatomy
UNSET Cell
UNSET Anatomy
UNSET CellLine
UNSET CellLine
UNSET Cell
UNSET CellLine
UNSET CellStructure
UNSET Anatomy
UNSET Cell
UNSET CellLine
UNSET Cell
UNSET Anatomy
UNSET Cell
UNSET Cell
UNSET Cell
UNSET CellStructure
UNSET Anatomy
UNSET Cell
UNSET Anatomy
UNSET Anatomy
UNSET Cell
UNSET Cell
UNSET Anatomy
UNSET Cell
UNSET Anatomy
UNSET Cell
UNSET Anatomy
UNSET Disease
UNSET CellStructure
UNSET Cell
UNSET Anatomy
UNSET Anatomy
UNSET Cell
UNSET Anatomy
UNSET Cell
UNSET Anatomy
UNSET Cell
UNSET CellLine
UNSET Anatomy
UNSET Anatomy
UNSET Cell
UNSET Anatomy
UNSET Cell
UNSET Anatomy
UNSET CellLine
UNSET CellLine
UNSET Anatomy
UNSET Cell
UNSET Anatomy
UNSET Cell
UNSET Anatomy
UNSET Cell
UNSET Cell
UNSET Disease
UNSET Anatomy
UNSET Cell
UNSET Anatomy
UNSET Cell
UNSET Cell
UNSET Cell
UNSET CellStructure
UNSET Cell
UNSET Anatomy
UNSET Anatomy
UNSET Disease
UNSET Anatomy
UNSET CellLine
UNSET Cell
UNSET CellLine
UNSET Cell
UNSET Anatomy
UNSET Cell
UNSET CellLine
UNSET Anatomy
UNSET Anatomy
UNSET CellLine
UNSET Anatomy
UNSET Cell
UNSET Anatomy
UNSET Cell
UNSET Anatomy
UNSET CellLine
UNSET Anatomy
UNSET Anatomy
UNSET Anatomy
UNSET Cell
UNSET Anatomy
UNSET CellLine
UNSET CellStructure
UNSET Anatomy
UNSET Cell
UNSET CellLine
UNSET Cell
UNSET Anatomy
UNSET Cell
UNSET Anatomy
UNSET Cell
UNSET Cell
UNSET CellLine
UNSET Anatomy
UNSET Disease
UNSET CellLine
UNSET Anatomy
UNSET CellLine
UNSET Anatomy
UNSET Cell
UNSET Anatomy
UNSET Anatomy
UNSET Anatomy
UNSET Anatomy
UNSET CellLine
UNSET CellLine
UNSET Cell
UNSET Cell
UNSET Anatomy
UNSET Anatomy
UNSET Anatomy
UNSET Anatomy
UNSET Anatomy
UNSET CellLine
UNSET Cell
UNSET Anatomy
UNSET Cell
UNSET Cell
UNSET Anatomy
UNSET Cell
UNSET Anatomy
UNSET Anatomy
UNSET Cell
UNSET CellLine
UNSET Cell
UNSET Anatomy
UNSET Cell
UNSET Anatomy
UNSET Anatomy
UNSET Cell
UNSET CellLine
UNSET Anatomy
UNSET Anatomy
UNSET Cell
UNSET Anatomy
UNSET Anatomy
UNSET Anatomy
UNSET Cell
UNSET Disease
UNSET Anatomy
UNSET Cell
UNSET Anatomy
UNSET Disease
UNSET Cell
UNSET Cell
UNSET Disease
UNSET Cell
UNSET CellLine
UNSET Anatomy
UNSET Anatomy
UNSET Disease
UNSET Cell
UNSET Anatomy
UNSET Cell
UNSET Anatomy
UNSET Cell
UNSET Anatomy
UNSET CellLine
UNSET MeSHAnatomy
UNSET Anatomy
UNSET Anatomy
UNSET Anatomy
UNSET Anatomy
UNSET CellLine
UNSET Anatomy
UNSET Cell
UNSET Cell
UNSET Anatomy
UNSET Cell
UNSET Anatomy
UNSET Anatomy
UNSET Cell
UNSET Anatomy
UNSET CellLine
UNSET Anatomy
UNSET Cell
UNSET CellLine
UNSET Anatomy
UNSET Anatomy
UNSET Cell
UNSET CellLine
UNSET Anatomy
UNSET Anatomy
UNSET Cell
UNSET Anatomy
UNSET Anatomy
UNSET CellLine
UNSET Anatomy
UNSET Cell
UNSET Cell
UNSET Anatomy
UNSET Anatomy
UNSET Cell
UNSET Anatomy
UNSET Anatomy
UNSET CellLine
UNSET MeSHAnatomy
UNSET Disease
UNSET CellLine
UNSET Cell
UNSET Disease
UNSET Anatomy
UNSET Cell
UNSET Cell
UNSET Anatomy
UNSET Anatomy
UNSET Anatomy
UNSET CellLine
UNSET Cell
UNSET Disease
UNSET CellLine
UNSET Anatomy
UNSET CellLine
UNSET Anatomy
UNSET CellLine
UNSET Anatomy
UNSET CellLine
UNSET Cell
UNSET Cell
UNSET Anatomy
UNSET CellLine
UNSET Cell
UNSET Cell
UNSET CellLine
UNSET Anatomy
UNSET Cell
UNSET CellLine
UNSET Anatomy
UNSET Cell
UNSET Anatomy
UNSET Cell
UNSET CellLine
UNSET Anatomy
UNSET Disease
UNSET Cell
UNSET Anatomy
UNSET Cell
UNSET Anatomy
UNSET Cell
UNSET Cell
UNSET Anatomy
UNSET Anatomy
UNSET Disease
UNSET Cell
UNSET CellLine
UNSET Cell
UNSET CellLine
UNSET Disease
UNSET Cell
UNSET CellLine
UNSET CellStructure
UNSET Anatomy
UNSET Disease
UNSET Cell
UNSET CellLine
UNSET Cell
UNSET CellLine
UNSET Anatomy
UNSET Cell
UNSET CellLine
UNSET Anatomy
UNSET Disease
UNSET Anatomy
UNSET CellLine
UNSET Cell
UNSET Disease
UNSET Anatomy
UNSET Cell
UNSET Cell
UNSET Disease
UNSET Cell
UNSET Cell
UNSET Cell
UNSET CellLine
UNSET Anatomy
UNSET Cell
UNSET Anatomy
UNSET CellLine
UNSET Cell
UNSET Anatomy
UNSET Cell
UNSET CellStructure
UNSET Cell
UNSET Cell
UNSET Cell
UNSET Anatomy
UNSET Cell
UNSET Anatomy
UNSET Anatomy
UNSET Cell
UNSET Anatomy
UNSET CellLine
UNSET Cell
UNSET CellLine
UNSET Anatomy
UNSET Anatomy
UNSET Anatomy
UNSET Anatomy
UNSET Cell
UNSET CellLine
UNSET Cell
UNSET CellLine
UNSET Cell
UNSET Anatomy
UNSET CellLine
UNSET Cell
UNSET Anatomy
UNSET Disease
UNSET Cell
UNSET Disease
UNSET Cell
UNSET Anatomy
UNSET Cell
UNSET CellLine
UNSET Cell
UNSET Anatomy
UNSET Anatomy
UNSET Anatomy
UNSET CellLine
UNSET CellStructure
UNSET Anatomy
UNSET Cell
UNSET Anatomy
UNSET Anatomy
UNSET Anatomy
UNSET Anatomy
UNSET CellLine
UNSET Disease
UNSET CellLine
UNSET CellLine
UNSET CellStructure
UNSET Anatomy
UNSET CellLine
UNSET Anatomy
UNSET Anatomy
UNSET Cell
UNSET Cell
UNSET CellLine
UNSET Anatomy
UNSET CellLine
UNSET CellLine
UNSET Cell
UNSET CellLine
UNSET Cell
UNSET Cell
UNSET Anatomy
UNSET Cell
UNSET Anatomy
UNSET Cell
UNSET Anatomy
UNSET Anatomy
UNSET Anatomy
UNSET CellLine
UNSET CellLine
UNSET Anatomy
UNSET CellLine
UNSET Cell
UNSET Cell
UNSET Anatomy
UNSET Cell
UNSET Anatomy
UNSET CellLine
UNSET CellStructure
UNSET Anatomy
UNSET CellLine
UNSET Disease
UNSET CellLine
UNSET Anatomy
UNSET Anatomy
UNSET Anatomy
UNSET Anatomy
UNSET Cell
UNSET Cell
UNSET CellLine
UNSET CellLine
UNSET Cell
UNSET CellLine
UNSET CellLine
UNSET CellLine
UNSET Disease
UNSET Cell
UNSET Anatomy
UNSET CellLine
UNSET Anatomy
UNSET CellStructure
UNSET Cell
UNSET Anatomy
UNSET Cell
UNSET Anatomy
UNSET Anatomy
UNSET Cell
UNSET CellLine
UNSET Anatomy
UNSET Cell
UNSET CellLine
UNSET Cell
UNSET Cell
UNSET Anatomy
UNSET Cell
UNSET Cell
UNSET Anatomy
UNSET CellLine
UNSET Anatomy
UNSET Anatomy
UNSET Cell
UNSET Cell
UNSET Anatomy
UNSET Cell
UNSET CellLine
UNSET Anatomy
UNSET Cell
UNSET Cell
UNSET Anatomy
UNSET Disease
UNSET Anatomy
UNSET Cell
UNSET Disease
UNSET Cell
UNSET Anatomy
UNSET Cell
UNSET CellLine
UNSET Anatomy
UNSET Cell
UNSET Anatomy
UNSET Cell
UNSET Anatomy
UNSET Cell
UNSET Anatomy
UNSET Cell
UNSET Anatomy
UNSET MeSHAnatomy
UNSET Cell
UNSET Cell
UNSET Cell
UNSET Cell
UNSET CellLine
UNSET Cell
UNSET Cell
UNSET Disease
UNSET Anatomy
UNSET Cell
UNSET Anatomy
UNSET Anatomy
UNSET Disease
UNSET Anatomy
UNSET Anatomy
UNSET Cell
UNSET CellLine
UNSET CellLine
UNSET Cell
UNSET Disease
UNSET Cell
UNSET Anatomy
UNSET CellLine
UNSET Anatomy
UNSET Disease
UNSET Cell
UNSET CellLine
UNSET Cell
UNSET Cell
UNSET CellLine
UNSET CellLine
UNSET Cell
UNSET Anatomy
UNSET CellLine
UNSET Anatomy
UNSET CellLine
UNSET Anatomy
UNSET Anatomy
UNSET Disease
UNSET Cell
UNSET CellLine
UNSET Cell
UNSET Cell
UNSET Cell
UNSET Anatomy
UNSET Anatomy
UNSET Cell
UNSET Anatomy
UNSET Anatomy
UNSET CellLine
UNSET CellLine
UNSET Anatomy
UNSET Anatomy
UNSET Anatomy
UNSET Cell
UNSET Disease
UNSET Anatomy
UNSET Cell
UNSET Cell
UNSET Anatomy
UNSET Cell
UNSET Cell
UNSET Anatomy
UNSET Cell
UNSET Anatomy
UNSET Anatomy
UNSET Cell
UNSET Anatomy
UNSET Anatomy
UNSET Cell
UNSET Anatomy
UNSET CellLine
UNSET Anatomy
UNSET Cell
UNSET Anatomy
UNSET Disease
UNSET Cell
UNSET CellLine
UNSET Cell
UNSET Anatomy
UNSET Anatomy
UNSET CellLine
UNSET Anatomy
UNSET Anatomy
UNSET Anatomy
UNSET CellLine
UNSET Anatomy
UNSET Cell
UNSET Anatomy
UNSET CellLine
UNSET Cell
UNSET Anatomy
UNSET Anatomy
UNSET Cell
UNSET CellLine
UNSET CellLine
UNSET Anatomy
UNSET Anatomy
UNSET CellLine
UNSET CellLine
UNSET Anatomy
UNSET Cell
UNSET Disease
UNSET Anatomy
UNSET Cell
UNSET Anatomy
UNSET Cell
UNSET Cell
UNSET Cell
UNSET Anatomy
UNSET CellLine
UNSET Cell
UNSET Anatomy
UNSET Cell
UNSET CellLine
UNSET Cell
UNSET CellLine
UNSET Anatomy
UNSET Cell
UNSET CellLine
UNSET Anatomy
UNSET CellLine
UNSET Anatomy
UNSET Cell
UNSET Cell
UNSET Anatomy
UNSET Cell
UNSET Anatomy
UNSET Cell
UNSET Anatomy
UNSET CellLine
UNSET Anatomy
UNSET Cell
UNSET CellLine
UNSET Cell
UNSET Anatomy
UNSET Cell
UNSET Anatomy
UNSET Cell
UNSET CellLine
UNSET Cell
UNSET Anatomy
UNSET Cell
UNSET Anatomy
UNSET Anatomy
UNSET CellLine
UNSET Anatomy
UNSET CellLine
UNSET Anatomy
UNSET Cell
UNSET Cell
UNSET Anatomy
UNSET Cell
UNSET Anatomy
UNSET Anatomy
UNSET Cell
UNSET CellLine
UNSET CellLine
UNSET CellLine
UNSET Anatomy
UNSET Cell
UNSET Anatomy
UNSET CellLine
UNSET Cell
UNSET Anatomy
UNSET Cell
UNSET CellLine
UNSET Anatomy
UNSET Disease
UNSET Anatomy
UNSET Anatomy
UNSET Disease
UNSET Anatomy
UNSET Cell
UNSET Cell
UNSET CellLine
UNSET Anatomy
UNSET Anatomy
UNSET Cell
UNSET Anatomy
UNSET Cell
UNSET Disease
UNSET Anatomy
UNSET Cell
UNSET Cell
UNSET Anatomy
UNSET CellLine
UNSET CellLine
UNSET Anatomy
UNSET Cell
UNSET Anatomy
UNSET Anatomy
UNSET Cell
UNSET Disease
UNSET Disease
UNSET Cell
UNSET CellLine
UNSET Cell
UNSET Cell
UNSET CellLine
UNSET Anatomy
UNSET Cell
UNSET Anatomy
UNSET Cell
UNSET Disease
UNSET Anatomy
UNSET Cell
UNSET CellStructure
UNSET Cell
UNSET MeSHAnatomy
UNSET Anatomy
UNSET CellLine
UNSET Disease
UNSET CellLine
UNSET Cell
UNSET Anatomy
UNSET Anatomy
UNSET Cell
UNSET CellLine
UNSET Anatomy
UNSET CellLine
UNSET CellLine
UNSET Cell
UNSET Anatomy
UNSET Cell
UNSET Anatomy
UNSET Anatomy
UNSET Disease
UNSET Cell
UNSET Anatomy
UNSET Anatomy
UNSET CellLine
UNSET Cell
UNSET Anatomy
UNSET Anatomy
UNSET Cell
UNSET CellStructure
UNSET Cell
UNSET Cell
UNSET Anatomy
UNSET Anatomy
UNSET Anatomy
UNSET Cell
UNSET CellLine
UNSET Anatomy
UNSET Anatomy
UNSET Cell
UNSET Disease
UNSET Anatomy
UNSET Anatomy
UNSET CellLine
UNSET Anatomy
UNSET Cell
UNSET Anatomy
UNSET CellLine
UNSET Anatomy
UNSET Cell
UNSET Anatomy
UNSET Anatomy
UNSET Cell
UNSET Anatomy
UNSET Disease
UNSET Anatomy
UNSET Anatomy
UNSET Cell
UNSET Anatomy
UNSET Anatomy
UNSET Anatomy
UNSET Anatomy
UNSET Cell
UNSET Disease
UNSET Anatomy
UNSET Cell
UNSET Cell
UNSET Anatomy
UNSET CellStructure
UNSET Cell
UNSET Anatomy
UNSET Cell
UNSET MeSHAnatomy
UNSET Anatomy
UNSET Cell
UNSET Cell
UNSET Anatomy
UNSET Anatomy
UNSET CellStructure
UNSET Anatomy
UNSET CellLine
UNSET Anatomy
UNSET Cell
UNSET Anatomy
UNSET CellLine
UNSET Anatomy
UNSET Anatomy
UNSET Anatomy
UNSET CellLine
UNSET Anatomy
UNSET Cell
UNSET Anatomy
UNSET Anatomy
UNSET Anatomy
UNSET Cell
UNSET Anatomy
UNSET CellLine
UNSET Cell
UNSET Anatomy
UNSET Cell
UNSET Anatomy
UNSET Anatomy
UNSET CellLine
UNSET CellStructure
UNSET Anatomy
UNSET Anatomy
UNSET Anatomy
UNSET Cell
UNSET Cell
UNSET Anatomy
UNSET Cell
UNSET Anatomy
UNSET Cell
UNSET Anatomy
UNSET CellLine
UNSET Anatomy
UNSET Anatomy
UNSET Anatomy
UNSET Anatomy
UNSET Cell
UNSET CellStructure
UNSET Cell
UNSET Anatomy
UNSET CellLine
UNSET Anatomy
UNSET Cell
UNSET CellLine
UNSET Cell
UNSET Cell
UNSET CellLine
UNSET Cell
UNSET Cell
UNSET Cell
UNSET Anatomy
UNSET CellLine
UNSET Anatomy
UNSET Cell
UNSET Anatomy
UNSET Anatomy
UNSET Cell
UNSET CellStructure
UNSET CellLine
UNSET Anatomy
UNSET Anatomy
UNSET Cell
UNSET MeSHDisease
UNSET Anatomy
UNSET CellLine
UNSET CellLine
UNSET CellLine
UNSET Anatomy
UNSET Anatomy
UNSET Cell
UNSET CellLine
UNSET Anatomy
UNSET CellLine
UNSET Anatomy
UNSET Cell
UNSET Anatomy
UNSET Cell
UNSET CellLine
UNSET Anatomy
UNSET Cell
UNSET CellLine
UNSET Cell
UNSET Cell
UNSET CellLine
UNSET Anatomy
UNSET Cell
UNSET Anatomy
UNSET Anatomy
UNSET Cell
UNSET CellLine
UNSET Disease
UNSET Anatomy
UNSET Cell
UNSET CellLine
UNSET Anatomy
UNSET Disease
UNSET Cell
UNSET CellStructure
UNSET Anatomy
UNSET Cell
UNSET CellLine
UNSET Cell
UNSET Cell
UNSET Cell
UNSET CellLine
UNSET Cell
UNSET Anatomy
UNSET Cell
UNSET Anatomy
UNSET Cell
UNSET Anatomy
UNSET Anatomy
UNSET Cell
UNSET Anatomy
UNSET Cell
UNSET Anatomy
UNSET CellLine
UNSET Anatomy
UNSET CellLine
UNSET Anatomy
UNSET Cell
UNSET Anatomy
UNSET Anatomy
UNSET Anatomy
UNSET CellLine
UNSET Anatomy
UNSET Cell
UNSET CellLine
UNSET Cell
UNSET Anatomy
UNSET Disease
UNSET Cell
UNSET Anatomy
UNSET Cell
UNSET CellLine
UNSET Anatomy
UNSET Cell
UNSET CellLine
UNSET Disease
UNSET Anatomy
UNSET CellStructure
UNSET CellLine
UNSET Anatomy
UNSET Cell
UNSET CellLine
UNSET CellLine
UNSET CellLine
UNSET Cell
UNSET CellLine
UNSET Cell
UNSET Cell
UNSET Cell
UNSET Cell
UNSET Anatomy
UNSET Anatomy
UNSET Cell
UNSET Anatomy
UNSET CellLine
UNSET Cell
UNSET Anatomy
UNSET Cell
UNSET Anatomy
UNSET Anatomy
UNSET Anatomy
UNSET Cell
UNSET Anatomy
UNSET Disease
UNSET Cell
UNSET Cell
UNSET CellLine
UNSET CellLine
UNSET Anatomy
UNSET Cell
UNSET Anatomy
UNSET CellLine
UNSET CellLine
UNSET Anatomy
UNSET Cell
UNSET Cell
UNSET Anatomy
UNSET Cell
UNSET Anatomy
UNSET CellLine
UNSET Cell
UNSET Anatomy
UNSET Cell
UNSET Anatomy
UNSET Cell
UNSET Anatomy
UNSET Cell
UNSET Anatomy
UNSET Anatomy
UNSET Anatomy
UNSET Cell
UNSET Anatomy
UNSET CellLine
UNSET CellLine
UNSET Anatomy
UNSET Cell
UNSET Anatomy
UNSET CellLine
UNSET Cell
UNSET Anatomy
UNSET CellLine
UNSET CellStructure
UNSET Anatomy
UNSET Anatomy
UNSET Anatomy
UNSET CellLine
UNSET Anatomy
UNSET CellLine
UNSET Cell
UNSET CellLine
UNSET Anatomy
UNSET Anatomy
UNSET Anatomy
UNSET Anatomy
UNSET Anatomy
UNSET MeSHDisease
UNSET Anatomy
UNSET Disease
UNSET CellStructure
UNSET Anatomy
UNSET Cell
UNSET Anatomy
UNSET Cell
UNSET CellLine
UNSET Anatomy
UNSET CellLine
UNSET Anatomy
UNSET Cell
UNSET Cell
UNSET Cell
UNSET Anatomy
UNSET Anatomy
UNSET Cell
UNSET Cell
UNSET Anatomy
UNSET CellLine
UNSET CellLine
UNSET Anatomy
UNSET Disease
UNSET Cell
UNSET Cell
UNSET Anatomy
UNSET CellLine
UNSET CellLine
UNSET Anatomy
UNSET Cell
UNSET Anatomy
UNSET Anatomy
UNSET Cell
UNSET Cell
UNSET CellLine
UNSET Cell
UNSET CellLine
UNSET Anatomy
UNSET Anatomy
UNSET Cell
UNSET Anatomy
UNSET Anatomy
UNSET Cell
UNSET Cell
UNSET Cell
UNSET Cell
UNSET Anatomy
UNSET Cell
UNSET Anatomy
UNSET CellStructure
UNSET Anatomy
UNSET Cell
UNSET Cell
UNSET CellLine
UNSET CellLine
UNSET Cell
UNSET Anatomy
UNSET Cell
UNSET Anatomy
UNSET Anatomy
UNSET Cell
UNSET Disease
UNSET Anatomy
UNSET Anatomy
UNSET Anatomy
UNSET Cell
UNSET Anatomy
UNSET Cell
UNSET Anatomy
UNSET Anatomy
UNSET Cell
UNSET CellLine
UNSET Anatomy
UNSET Cell
UNSET Anatomy
UNSET CellLine
UNSET Cell
UNSET CellStructure
UNSET Cell
UNSET Anatomy
UNSET Anatomy
UNSET CellStructure
UNSET Cell
UNSET CellLine
UNSET Anatomy
UNSET CellLine
UNSET Anatomy
UNSET Cell
UNSET Cell
UNSET CellLine
UNSET CellLine
UNSET Disease
UNSET Cell
UNSET Anatomy
UNSET Anatomy
UNSET Cell
UNSET Cell
UNSET Cell
UNSET Cell
UNSET Anatomy
UNSET CellLine
UNSET CellStructure
UNSET Cell
UNSET Anatomy
UNSET MeSHAnatomy
UNSET Cell
UNSET CellStructure
UNSET Disease
UNSET Anatomy
UNSET CellLine
UNSET Anatomy
UNSET Disease
UNSET Anatomy
UNSET Cell
UNSET Disease
UNSET CellLine
UNSET Cell
UNSET Anatomy
UNSET Anatomy
UNSET Cell
UNSET Anatomy
UNSET CellLine
UNSET Anatomy
UNSET Cell
UNSET Anatomy
UNSET Cell
UNSET CellLine
UNSET Disease
UNSET Anatomy
UNSET Anatomy
UNSET Anatomy
UNSET CellLine
UNSET CellStructure
UNSET Anatomy
UNSET CellLine
UNSET CellLine
UNSET Cell
UNSET Anatomy
UNSET Anatomy
UNSET Disease
UNSET Anatomy
UNSET Cell
UNSET Anatomy
UNSET Cell
UNSET Cell
UNSET CellLine
UNSET Anatomy
UNSET CellLine
UNSET Cell
UNSET Cell
UNSET Cell
UNSET CellLine
UNSET CellLine
UNSET Anatomy
UNSET Anatomy
UNSET Cell
UNSET Anatomy
UNSET Anatomy
UNSET Cell
UNSET Anatomy
UNSET Cell
UNSET Cell
UNSET CellLine
UNSET Anatomy
UNSET Cell
UNSET CellLine
UNSET Disease
UNSET Anatomy
UNSET Anatomy
UNSET CellLine
UNSET Anatomy
UNSET Anatomy
UNSET CellLine
UNSET Cell
UNSET Cell
UNSET Anatomy
UNSET CellLine
UNSET Anatomy
UNSET Cell
UNSET CellLine
UNSET Cell
UNSET Anatomy
UNSET Anatomy
UNSET Anatomy
UNSET Anatomy
UNSET Cell
UNSET CellLine
UNSET Anatomy
UNSET CellLine
UNSET Disease
UNSET Anatomy
UNSET CellLine
UNSET CellLine
UNSET Cell
UNSET Anatomy
UNSET Cell
UNSET Anatomy
UNSET Anatomy
UNSET Disease
UNSET Cell
UNSET Cell
UNSET Anatomy
UNSET Cell
UNSET Anatomy
UNSET Anatomy
UNSET CellLine
UNSET Cell
UNSET Anatomy
UNSET Anatomy
UNSET Cell
UNSET Anatomy
UNSET Anatomy
UNSET CellLine
UNSET Cell
UNSET CellLine
UNSET Anatomy
UNSET Cell
UNSET Anatomy
UNSET CellLine
UNSET Cell
UNSET CellStructure
UNSET Anatomy
UNSET Anatomy
UNSET Cell
UNSET Anatomy
UNSET Anatomy
UNSET Anatomy
UNSET Cell
UNSET CellLine
UNSET Disease
UNSET Cell
UNSET Anatomy
UNSET CellLine
UNSET Anatomy
UNSET CellLine
UNSET Cell
UNSET CellLine
UNSET Cell
UNSET CellLine
UNSET Anatomy
UNSET Anatomy
UNSET Anatomy
UNSET Cell
UNSET Cell
UNSET Anatomy
UNSET Cell
UNSET CellLine
UNSET Disease
UNSET Anatomy
UNSET CellLine
UNSET CellLine
UNSET Cell
UNSET Anatomy
UNSET CellLine
UNSET Cell
UNSET Cell
UNSET Anatomy
UNSET CellLine
UNSET Anatomy
UNSET Disease
UNSET Anatomy
UNSET Disease
UNSET Anatomy
UNSET Cell
UNSET Cell
UNSET CellLine
UNSET Cell
UNSET CellLine
UNSET Anatomy
UNSET Anatomy
UNSET Cell
UNSET Cell
UNSET Cell
UNSET Anatomy
UNSET CellLine
UNSET Cell
UNSET Anatomy
UNSET Disease
UNSET Cell
UNSET Anatomy
UNSET Cell
UNSET Anatomy
UNSET Disease
UNSET Cell
UNSET CellLine
UNSET Anatomy
UNSET CellLine
UNSET Anatomy
UNSET CellLine
UNSET Anatomy
UNSET CellStructure
UNSET Cell
UNSET Anatomy
UNSET CellStructure
UNSET CellLine
UNSET Anatomy
UNSET Anatomy
UNSET Cell
UNSET CellLine
UNSET Cell
UNSET Anatomy
UNSET Anatomy
UNSET MeSHAnatomy
UNSET Cell
UNSET Anatomy
UNSET CellLine
UNSET Cell
UNSET Anatomy
UNSET CellLine
UNSET Cell
UNSET Cell
UNSET Cell
UNSET Cell
UNSET Anatomy
UNSET Anatomy
UNSET Cell
UNSET CellLine
UNSET Anatomy
UNSET CellLine
UNSET Disease
UNSET Cell
UNSET Cell
UNSET CellLine
UNSET Cell
UNSET Anatomy
UNSET Cell
UNSET Anatomy
UNSET Cell
UNSET Cell
UNSET Anatomy
UNSET CellLine
UNSET Anatomy
UNSET Cell
UNSET Anatomy
UNSET Anatomy
UNSET Cell
UNSET Anatomy
UNSET Cell
UNSET Anatomy
UNSET Anatomy
UNSET Anatomy
UNSET Cell
UNSET Anatomy
UNSET CellLine
UNSET Anatomy
UNSET CellLine
UNSET Anatomy
UNSET Anatomy
UNSET Anatomy
UNSET Cell
UNSET Anatomy
UNSET Anatomy
UNSET CellLine
UNSET Anatomy
UNSET CellLine
UNSET CellLine
UNSET Anatomy
UNSET Anatomy
UNSET Cell
UNSET CellLine
UNSET Disease
UNSET Cell
UNSET Anatomy
UNSET Cell
UNSET Anatomy
UNSET Cell
UNSET Anatomy
UNSET Cell
UNSET Anatomy
UNSET CellLine
UNSET Cell
UNSET Anatomy
UNSET Cell
UNSET Cell
UNSET Anatomy
UNSET Cell
UNSET CellStructure
UNSET Anatomy
UNSET CellLine
UNSET CellLine
UNSET Anatomy
UNSET CellLine
UNSET Cell
UNSET Anatomy
UNSET Cell
UNSET Anatomy
UNSET Cell
UNSET Cell
UNSET Anatomy
UNSET Cell
UNSET Disease
UNSET Cell
UNSET Anatomy
UNSET Cell
UNSET Disease
UNSET Anatomy
UNSET CellLine
UNSET Anatomy
UNSET Cell
UNSET Anatomy
UNSET Disease
UNSET Cell
UNSET Anatomy
UNSET CellLine
UNSET Cell
UNSET Cell
UNSET Anatomy
UNSET CellLine
UNSET Anatomy
UNSET CellLine
UNSET Cell
UNSET Anatomy
UNSET Cell
UNSET Disease
UNSET Anatomy
UNSET CellLine
UNSET Cell
UNSET Anatomy
UNSET Anatomy
UNSET Anatomy
UNSET CellLine
UNSET Cell
UNSET Cell
UNSET CellLine
UNSET CellLine
UNSET Disease
UNSET Anatomy
UNSET Anatomy
UNSET Cell
UNSET Cell
UNSET Anatomy
UNSET CellStructure
UNSET Cell
UNSET Cell
UNSET CellStructure
UNSET Anatomy
UNSET Anatomy
UNSET Cell
UNSET Anatomy
UNSET Cell
UNSET Anatomy
UNSET CellStructure
UNSET Cell
UNSET Anatomy
UNSET CellLine
UNSET Anatomy
UNSET Anatomy
UNSET Cell
UNSET Cell
UNSET Anatomy
UNSET Cell
UNSET CellLine
UNSET Anatomy
UNSET Cell
UNSET Anatomy
UNSET CellLine
UNSET Anatomy
UNSET Cell
UNSET CellLine
UNSET Anatomy
UNSET Cell
UNSET Cell
UNSET CellLine
UNSET CellLine
UNSET Anatomy
UNSET Anatomy
UNSET Cell
UNSET CellLine
UNSET Cell
UNSET CellLine
UNSET Anatomy
UNSET Anatomy
UNSET Cell
UNSET Anatomy
UNSET Anatomy
UNSET CellLine
UNSET Anatomy
UNSET CellLine
UNSET Anatomy
UNSET Cell
UNSET Anatomy
UNSET Cell
UNSET CellLine
UNSET CellLine
UNSET Cell
UNSET CellLine
UNSET Disease
UNSET Anatomy
UNSET Disease
UNSET Anatomy
UNSET CellLine
UNSET Cell
UNSET Anatomy
UNSET Cell
UNSET Disease
UNSET Anatomy
UNSET Anatomy
UNSET Cell
UNSET Anatomy
UNSET Anatomy
UNSET Anatomy
UNSET Cell
UNSET CellLine
UNSET CellLine
UNSET Cell
UNSET CellLine
UNSET Cell
UNSET CellLine
UNSET Anatomy
UNSET Cell
UNSET Anatomy
UNSET Cell
UNSET Anatomy
UNSET CellLine
UNSET Cell
UNSET Anatomy
UNSET Cell
UNSET Anatomy
UNSET Cell
UNSET CellStructure
UNSET Anatomy
UNSET Disease
UNSET Cell
UNSET Anatomy
UNSET Cell
UNSET Anatomy
UNSET CellLine
UNSET CellLine
UNSET Anatomy
UNSET Cell
UNSET Anatomy
UNSET CellLine
UNSET CellLine
UNSET Anatomy
UNSET Cell
UNSET Anatomy
UNSET CellLine
UNSET Anatomy
UNSET CellStructure
UNSET Anatomy
UNSET CellLine
UNSET CellLine
UNSET Cell
UNSET Anatomy
UNSET CellLine
UNSET Cell
UNSET Anatomy
UNSET Cell
UNSET Cell
UNSET Anatomy
UNSET Cell
UNSET Cell
UNSET Anatomy
UNSET Cell
UNSET Anatomy
UNSET Cell
UNSET Cell
UNSET CellLine
UNSET Cell
UNSET CellLine
UNSET Anatomy
UNSET Anatomy
UNSET Cell
UNSET Anatomy
UNSET CellLine
UNSET Cell
UNSET Anatomy
UNSET Disease
UNSET CellLine
UNSET Cell
UNSET CellLine
UNSET Anatomy
UNSET CellLine
UNSET CellLine
UNSET Cell
UNSET Cell
UNSET CellLine
UNSET Anatomy
UNSET Cell
UNSET CellLine
UNSET Anatomy
UNSET CellLine
UNSET Anatomy
UNSET Anatomy
UNSET CellLine
UNSET Anatomy
UNSET Disease
UNSET Cell
UNSET CellLine
UNSET Cell
UNSET Anatomy
UNSET Cell
UNSET Anatomy
UNSET CellLine
UNSET MeSHDisease
UNSET Cell
UNSET MeSHAnatomy
UNSET Anatomy
UNSET Cell
UNSET Anatomy
UNSET Cell
UNSET Anatomy
UNSET CellStructure
UNSET Disease
UNSET Anatomy
UNSET Anatomy
UNSET Anatomy
UNSET Anatomy
UNSET Cell
UNSET CellLine
UNSET CellLine
UNSET CellLine
UNSET Anatomy
UNSET Cell
UNSET Cell
UNSET Cell
UNSET Cell
UNSET Anatomy
UNSET MeSHDisease
UNSET Anatomy
UNSET Anatomy
UNSET CellLine
UNSET Cell
UNSET Anatomy
UNSET CellLine
UNSET Cell
UNSET Anatomy
UNSET Cell
UNSET Anatomy
UNSET CellLine
UNSET Cell
UNSET CellLine
UNSET Cell
UNSET Anatomy
UNSET Cell
UNSET Anatomy
UNSET CellLine
UNSET Anatomy
UNSET CellLine
UNSET Anatomy
UNSET CellLine
UNSET Anatomy
UNSET CellLine
UNSET Anatomy
UNSET CellLine
UNSET Cell
UNSET Anatomy
UNSET Anatomy
UNSET Anatomy
UNSET CellLine
UNSET Cell
UNSET CellLine
UNSET Cell
UNSET Disease
UNSET Cell
UNSET Anatomy
UNSET CellLine
UNSET Anatomy
UNSET Anatomy
UNSET Cell
UNSET Anatomy
UNSET CellLine
UNSET Anatomy
UNSET CellLine
UNSET Cell
UNSET Cell
UNSET Anatomy
UNSET CellLine
UNSET Cell
UNSET Anatomy
UNSET Anatomy
UNSET Anatomy
UNSET Cell
UNSET Cell
UNSET CellLine
UNSET Anatomy
UNSET Cell
UNSET Anatomy
UNSET CellLine
UNSET Anatomy
UNSET Cell
UNSET Anatomy
UNSET Cell
UNSET CellLine
UNSET Cell
UNSET Anatomy
UNSET Cell
UNSET Anatomy
UNSET Cell
UNSET CellLine
UNSET Cell
UNSET Anatomy
UNSET CellLine
UNSET Cell
UNSET CellLine
UNSET Cell
UNSET Cell
UNSET CellLine
UNSET Anatomy
UNSET Cell
UNSET Cell
UNSET Cell
UNSET CellLine
UNSET Anatomy
UNSET CellLine
UNSET Cell
UNSET Anatomy
UNSET Cell
UNSET Anatomy
UNSET CellLine
UNSET Anatomy
UNSET Cell
UNSET CellStructure
UNSET Anatomy
UNSET CellStructure
UNSET CellLine
UNSET CellLine
UNSET Cell
UNSET Cell
UNSET CellLine
UNSET Cell
UNSET Anatomy
UNSET Disease
UNSET CellLine
UNSET Anatomy
UNSET Cell
UNSET Anatomy
UNSET CellLine
UNSET Cell
UNSET Anatomy
UNSET Cell
UNSET Cell
UNSET Cell
UNSET Anatomy
UNSET Cell
UNSET CellLine
UNSET Anatomy
UNSET Disease
UNSET Cell
UNSET Anatomy
UNSET CellLine
UNSET Cell
UNSET CellLine
UNSET Anatomy
UNSET CellLine
UNSET Cell
UNSET Cell
UNSET Anatomy
UNSET Anatomy
UNSET Cell
UNSET Cell
UNSET Anatomy
UNSET Cell
UNSET Anatomy
UNSET Cell
UNSET Anatomy
UNSET Anatomy
UNSET Cell
UNSET Anatomy
UNSET Anatomy
UNSET CellLine
UNSET Cell
UNSET Anatomy
UNSET Cell
UNSET Cell
UNSET Anatomy
UNSET Anatomy
UNSET CellStructure
UNSET Cell
UNSET Cell
UNSET Anatomy
UNSET CellLine
UNSET Anatomy
UNSET CellLine
UNSET Anatomy
UNSET CellLine
UNSET Cell
UNSET Anatomy
UNSET Disease
UNSET CellLine
UNSET Anatomy
UNSET MeSHAnatomy
UNSET Cell
UNSET Anatomy
UNSET Cell
UNSET Disease
UNSET Anatomy
UNSET Disease
UNSET CellLine
UNSET Cell
UNSET Disease
UNSET Anatomy
UNSET CellLine
UNSET Cell
UNSET CellLine
UNSET Anatomy
UNSET CellLine
UNSET Anatomy
UNSET Cell
UNSET CellLine
UNSET Anatomy
UNSET CellLine
UNSET Anatomy
UNSET CellLine
UNSET Cell
UNSET Cell
UNSET Anatomy
UNSET CellLine
UNSET Cell
UNSET Anatomy
UNSET Cell
UNSET CellLine
UNSET Anatomy
UNSET Cell
UNSET CellLine
UNSET Cell
UNSET Anatomy
UNSET CellLine
UNSET CellLine
UNSET Cell
UNSET CellLine
UNSET Anatomy
UNSET Cell
UNSET Anatomy
UNSET CellLine
UNSET Anatomy
UNSET Anatomy
UNSET Anatomy
UNSET CellLine
UNSET Disease
UNSET Cell
UNSET Disease
UNSET CellLine
UNSET Cell
UNSET CellLine
UNSET Anatomy
UNSET Cell
UNSET CellLine
UNSET Anatomy
UNSET Cell
UNSET Anatomy
UNSET CellLine
UNSET Cell
UNSET CellLine
UNSET Disease
UNSET Anatomy
UNSET Cell
UNSET CellLine
UNSET CellStructure
UNSET Cell
UNSET CellLine
UNSET Cell
UNSET Cell
UNSET CellLine
UNSET Cell
UNSET Anatomy
UNSET Cell
UNSET Disease
UNSET Anatomy
UNSET CellLine
UNSET Cell
UNSET Anatomy
UNSET CellLine
UNSET Cell
UNSET Cell
UNSET CellLine
UNSET CellStructure
UNSET Cell
UNSET Anatomy
UNSET Anatomy
UNSET CellLine
UNSET Cell
UNSET Cell
UNSET Anatomy
UNSET CellLine
UNSET Disease
UNSET Cell
UNSET Anatomy
UNSET Disease
UNSET Anatomy
UNSET Disease
UNSET Anatomy
UNSET CellLine
UNSET Cell
UNSET CellLine
UNSET CellLine
UNSET Disease
UNSET CellLine
UNSET CellLine
UNSET Disease
UNSET Anatomy
UNSET Cell
UNSET CellLine
UNSET Anatomy
UNSET Cell
UNSET Cell
UNSET Disease
UNSET CellLine
UNSET Cell
UNSET Anatomy
UNSET Anatomy
UNSET CellLine
UNSET Cell
UNSET Anatomy
UNSET Anatomy
UNSET Cell
UNSET CellLine
UNSET Cell
UNSET Anatomy
UNSET Anatomy
UNSET Cell
UNSET Anatomy
UNSET Cell
UNSET CellLine
UNSET CellLine
UNSET Cell
UNSET Cell
UNSET CellLine
UNSET Anatomy
UNSET Cell
UNSET CellLine
UNSET Anatomy
UNSET CellLine
UNSET Anatomy
UNSET CellLine
UNSET Cell
UNSET Anatomy
UNSET Anatomy
UNSET Cell
UNSET Cell
UNSET CellStructure
UNSET Anatomy
UNSET Cell
UNSET Disease
UNSET Cell
UNSET Cell
UNSET Cell
UNSET CellLine
UNSET Disease
UNSET Cell
UNSET CellLine
UNSET Cell
UNSET Anatomy
UNSET Cell
UNSET Anatomy
UNSET Cell
UNSET Cell
UNSET Cell
UNSET CellLine
UNSET Anatomy
UNSET Cell
UNSET Anatomy
UNSET Cell
UNSET Anatomy
UNSET Disease
UNSET Anatomy
UNSET Cell
UNSET CellLine
UNSET Cell
UNSET Disease
UNSET Anatomy
UNSET CellStructure
UNSET Cell
UNSET Anatomy
UNSET Cell
UNSET Anatomy
UNSET Cell
UNSET Anatomy
UNSET Disease
UNSET Disease
UNSET CellLine
UNSET Disease
UNSET Cell
UNSET CellLine
UNSET Anatomy
UNSET Cell
UNSET Cell
UNSET Disease
UNSET Anatomy
UNSET Cell
UNSET Anatomy
UNSET CellLine
UNSET Cell
UNSET Cell
UNSET Cell
UNSET Cell
UNSET Anatomy
UNSET CellStructure
UNSET CellLine
UNSET Cell
UNSET Anatomy
UNSET CellLine
UNSET Anatomy
UNSET Cell
UNSET Disease
UNSET CellLine
UNSET Disease
UNSET Anatomy
UNSET Cell
UNSET Anatomy
UNSET Cell
UNSET Cell
UNSET Anatomy
UNSET CellLine
UNSET Disease
UNSET CellLine
UNSET Cell
UNSET Anatomy
UNSET CellLine
UNSET CellLine
UNSET Anatomy
UNSET Cell
UNSET Anatomy
UNSET CellLine
UNSET Anatomy
UNSET Cell
UNSET Anatomy
UNSET Cell
UNSET Anatomy
UNSET Disease
UNSET CellLine
UNSET MeSHDisease
UNSET Cell
UNSET Anatomy
UNSET Anatomy
UNSET Anatomy
UNSET Cell
UNSET CellLine
UNSET Anatomy
UNSET Anatomy
UNSET Cell
UNSET CellLine
UNSET Anatomy
UNSET Cell
UNSET CellLine
UNSET CellLine
UNSET Anatomy
UNSET Cell
UNSET CellLine
UNSET Disease
UNSET Cell
UNSET CellLine
UNSET Cell
UNSET CellLine
UNSET Cell
UNSET CellLine
UNSET Anatomy
UNSET Cell
UNSET Cell
UNSET CellLine
UNSET Disease
UNSET Anatomy
UNSET CellLine
UNSET Anatomy
UNSET CellLine
UNSET Disease
UNSET CellLine
UNSET Anatomy
UNSET Cell
UNSET CellLine
UNSET Anatomy
UNSET Cell
UNSET CellLine
UNSET Anatomy
UNSET Anatomy
UNSET CellLine
UNSET CellStructure
UNSET Cell
UNSET Anatomy
UNSET Cell
UNSET CellLine
UNSET Cell
UNSET Cell
UNSET Disease
UNSET Anatomy
UNSET Disease
UNSET Cell
UNSET Cell
UNSET CellStructure
UNSET Anatomy
UNSET Cell
UNSET Cell
UNSET CellLine
UNSET Cell
UNSET Anatomy
UNSET Anatomy
UNSET CellLine
UNSET CellLine
UNSET Cell
UNSET CellLine
UNSET CellLine
UNSET Cell
UNSET Cell
UNSET Anatomy
UNSET Anatomy
UNSET Anatomy
UNSET Cell
UNSET Anatomy
UNSET Cell
UNSET Anatomy
UNSET Anatomy
UNSET Cell
UNSET CellLine
UNSET Anatomy
UNSET CellStructure
UNSET Disease
UNSET CellStructure
UNSET Anatomy
UNSET Cell
UNSET CellLine
UNSET Cell
UNSET Disease
UNSET Anatomy
UNSET CellLine
UNSET Anatomy
UNSET Disease
UNSET CellLine
UNSET Cell
UNSET Anatomy
UNSET CellLine
UNSET CellLine
UNSET Anatomy
UNSET Cell
UNSET Anatomy
UNSET CellLine
UNSET Anatomy
UNSET Cell
UNSET Anatomy
UNSET MeSHAnatomy
UNSET CellLine
UNSET Disease
UNSET Cell
UNSET Anatomy
UNSET CellLine
UNSET Disease
UNSET Anatomy
UNSET Cell
UNSET CellLine
UNSET Anatomy
UNSET CellLine
UNSET Disease
UNSET CellLine
UNSET Cell
UNSET CellLine
UNSET Disease
UNSET Cell
UNSET Anatomy
UNSET CellLine
UNSET Anatomy
UNSET CellLine
UNSET Disease
UNSET Anatomy
UNSET Cell
UNSET Anatomy
UNSET Anatomy
UNSET CellLine
UNSET Anatomy
UNSET CellLine
UNSET Anatomy
UNSET Disease
UNSET CellLine
UNSET Cell
UNSET Anatomy
UNSET Anatomy
UNSET Cell
UNSET Anatomy
UNSET CellLine
UNSET Anatomy
UNSET Cell
UNSET CellLine
UNSET Anatomy
UNSET Cell
UNSET CellLine
UNSET Cell
UNSET Disease
UNSET Anatomy
UNSET Cell
UNSET CellLine
UNSET CellLine
UNSET CellLine
UNSET Anatomy
UNSET CellLine
UNSET CellLine
UNSET Cell
UNSET Anatomy
UNSET Disease
UNSET Disease
UNSET Anatomy
UNSET Cell
UNSET Disease
UNSET Cell
UNSET Anatomy
UNSET Cell
UNSET Anatomy
UNSET CellLine
UNSET Anatomy
UNSET Cell
UNSET CellLine
UNSET Disease
UNSET Cell
UNSET Disease
UNSET Anatomy
UNSET Disease
UNSET CellLine
UNSET Cell
UNSET Anatomy
UNSET Cell
UNSET Anatomy
UNSET CellLine
UNSET Cell
UNSET CellLine
UNSET Disease
UNSET Cell
UNSET Anatomy
UNSET Anatomy
UNSET Cell
UNSET Anatomy
UNSET MeSHAnatomy
UNSET Cell
UNSET Disease
UNSET Anatomy
UNSET Cell
UNSET CellLine
UNSET Cell
UNSET Anatomy
UNSET Disease
UNSET Anatomy
UNSET CellLine
UNSET Disease
UNSET Cell
UNSET Anatomy
UNSET Cell
UNSET CellLine
UNSET Cell
UNSET CellLine
UNSET Anatomy
UNSET Cell
UNSET Anatomy
UNSET Anatomy
UNSET Anatomy
UNSET Cell
UNSET CellLine
UNSET Cell
UNSET Anatomy
UNSET Cell
UNSET Anatomy
UNSET CellLine
UNSET Anatomy
UNSET CellLine
UNSET Disease
UNSET Cell
UNSET CellLine
UNSET Cell
UNSET CellLine
UNSET Disease
UNSET Cell
UNSET Anatomy
UNSET Anatomy
UNSET Anatomy
UNSET Cell
UNSET Anatomy
UNSET Anatomy
UNSET Cell
UNSET CellLine
UNSET Disease
UNSET Cell
UNSET Anatomy
UNSET Disease
UNSET Anatomy
UNSET Cell
UNSET CellLine
UNSET CellLine
UNSET Cell
UNSET Anatomy
UNSET CellLine
UNSET Cell
UNSET Cell
UNSET CellLine
UNSET Cell
UNSET CellLine
UNSET Anatomy
UNSET Anatomy
UNSET Cell
UNSET Anatomy
UNSET Disease
UNSET Anatomy
UNSET Cell
UNSET CellLine
UNSET Anatomy
UNSET Cell
UNSET Cell
UNSET CellLine
UNSET Anatomy
UNSET Cell
UNSET Anatomy
UNSET Cell
UNSET Anatomy
UNSET Cell
UNSET CellLine
UNSET Anatomy
UNSET CellLine
UNSET Cell
UNSET Anatomy
UNSET CellLine
UNSET Anatomy
UNSET Disease
UNSET Anatomy
UNSET CellLine
UNSET Disease
UNSET Cell
UNSET Anatomy
UNSET Anatomy
UNSET CellLine
UNSET Anatomy
UNSET Cell
UNSET CellLine
UNSET Anatomy
UNSET Cell
UNSET Anatomy
UNSET Cell
UNSET Anatomy
UNSET Cell
UNSET Cell
UNSET Cell
UNSET Cell
UNSET CellLine
UNSET Cell
UNSET Anatomy
UNSET Cell
UNSET Anatomy
UNSET Cell
UNSET Anatomy
UNSET Cell
UNSET Anatomy
UNSET Disease
UNSET CellLine
UNSET CellLine
UNSET Anatomy
UNSET Cell
UNSET Anatomy
UNSET Cell
UNSET Anatomy
UNSET Cell
UNSET Anatomy
UNSET CellStructure
UNSET Cell
UNSET CellLine
UNSET Anatomy
UNSET Cell
UNSET Disease
UNSET CellLine
UNSET Cell
UNSET Anatomy
UNSET Cell
UNSET CellLine
UNSET Cell
UNSET Anatomy
UNSET CellLine
UNSET Disease
UNSET Anatomy
UNSET CellLine
UNSET Cell
UNSET Anatomy
UNSET CellLine
UNSET CellStructure
UNSET Anatomy
UNSET CellLine
UNSET Anatomy
UNSET Disease
UNSET Cell
UNSET Cell
UNSET Anatomy
UNSET Cell
UNSET Disease
UNSET MeSHAnatomy
UNSET Anatomy
UNSET Cell
UNSET Anatomy
UNSET Cell
UNSET Cell
UNSET Disease
UNSET Cell
UNSET CellLine
UNSET Cell
UNSET Anatomy
UNSET Cell
UNSET Anatomy
UNSET Cell
UNSET MeSHAnatomy
UNSET Cell
UNSET Cell
UNSET CellLine
UNSET Cell
UNSET CellLine
UNSET Cell
UNSET Anatomy
UNSET Disease
UNSET Anatomy
UNSET Cell
UNSET Anatomy
UNSET Cell
UNSET Cell
UNSET CellLine
UNSET Anatomy
UNSET Cell
UNSET CellLine
UNSET CellStructure
UNSET Cell
UNSET Anatomy
UNSET CellStructure
UNSET Disease
UNSET CellLine
UNSET Cell
UNSET CellLine
UNSET Anatomy
UNSET CellLine
UNSET Anatomy
UNSET CellLine
UNSET Anatomy
UNSET Cell
UNSET CellLine
UNSET Cell
UNSET CellLine
UNSET Cell
UNSET Anatomy
UNSET CellLine
UNSET Cell
UNSET CellLine
UNSET Cell
UNSET Anatomy
UNSET CellStructure
UNSET Anatomy
UNSET Cell
UNSET Cell
UNSET CellStructure
UNSET CellLine
UNSET CellLine
UNSET Anatomy
UNSET Cell
UNSET Cell
UNSET CellLine
UNSET Disease
UNSET Cell
UNSET CellLine
UNSET Anatomy
UNSET Cell
UNSET Anatomy
UNSET Cell
UNSET CellLine
UNSET Cell
UNSET Anatomy
UNSET CellLine
UNSET Disease
UNSET Disease
UNSET CellLine
UNSET Anatomy
UNSET Cell
UNSET Anatomy
UNSET Disease
UNSET CellLine
UNSET Cell
UNSET Disease
UNSET CellLine
UNSET Anatomy
UNSET Cell
UNSET Cell
UNSET Cell
UNSET CellLine
UNSET Anatomy
UNSET Disease
UNSET CellStructure
UNSET Cell
UNSET Anatomy
UNSET CellLine
UNSET Anatomy
UNSET Cell
UNSET Anatomy
UNSET Disease
UNSET Anatomy
UNSET CellLine
UNSET Anatomy
UNSET Cell
UNSET Cell
UNSET Anatomy
UNSET Cell
UNSET Disease
UNSET Cell
UNSET Anatomy
UNSET CellLine
UNSET Anatomy
UNSET Cell
UNSET Anatomy
UNSET Cell
UNSET CellLine
UNSET Cell
UNSET CellLine
UNSET Cell
UNSET CellLine
UNSET CellLine
UNSET Anatomy
UNSET Cell
UNSET CellLine
UNSET Cell
UNSET Anatomy
UNSET Cell
UNSET Disease
UNSET CellLine
UNSET Anatomy
UNSET CellLine
UNSET CellLine
UNSET Cell
UNSET Anatomy
UNSET Cell
UNSET Cell
UNSET CellLine
UNSET Cell
UNSET Anatomy
UNSET Cell
UNSET Anatomy
UNSET Cell
UNSET Anatomy
UNSET CellLine
UNSET Anatomy
UNSET Anatomy
UNSET Disease
UNSET Anatomy
UNSET CellLine
UNSET Cell
UNSET Anatomy
UNSET CellLine
UNSET Cell
UNSET Anatomy
UNSET Cell
UNSET CellLine
UNSET Anatomy
UNSET Anatomy
UNSET Cell
UNSET Anatomy
UNSET Cell
UNSET Anatomy
UNSET CellLine
UNSET Anatomy
UNSET Cell
UNSET Anatomy
UNSET Cell
UNSET Disease
UNSET Cell
UNSET CellLine
UNSET Cell
UNSET Anatomy
UNSET Cell
UNSET CellLine
UNSET Anatomy
UNSET Cell
UNSET Anatomy
UNSET Cell
UNSET Anatomy
UNSET Anatomy
UNSET MeSHAnatomy
UNSET Anatomy
UNSET MeSHAnatomy
UNSET Anatomy
UNSET Anatomy
UNSET Cell
UNSET CellLine
UNSET Cell
UNSET CellLine
UNSET Cell
UNSET Anatomy
UNSET CellLine
UNSET Cell
UNSET Disease
UNSET CellLine
UNSET Disease
UNSET Cell
UNSET Anatomy
UNSET CellLine
UNSET Disease
UNSET CellLine
UNSET Disease
UNSET Cell
UNSET Anatomy
UNSET CellLine
UNSET Anatomy
UNSET Cell
UNSET Anatomy
UNSET Disease
UNSET Anatomy
UNSET CellLine
UNSET Cell
UNSET Anatomy
UNSET CellLine
UNSET Anatomy
UNSET Disease
UNSET Cell
UNSET Anatomy
UNSET CellLine
UNSET Anatomy
UNSET Anatomy
UNSET Disease
UNSET Anatomy
UNSET Cell
UNSET Disease
UNSET Cell
UNSET Anatomy
UNSET CellLine
UNSET Anatomy
UNSET CellStructure
UNSET Disease
UNSET CellLine
UNSET Anatomy
UNSET Disease
UNSET Cell
UNSET CellLine
UNSET Disease
UNSET CellLine
UNSET Anatomy
UNSET Cell
UNSET Cell
UNSET CellLine
UNSET Anatomy
UNSET Cell
UNSET Anatomy
UNSET CellLine
UNSET Cell
UNSET Anatomy
UNSET CellLine
UNSET Anatomy
UNSET Cell
UNSET Anatomy
UNSET Cell
UNSET CellLine
UNSET Cell
UNSET Anatomy
UNSET CellStructure
UNSET Anatomy
UNSET Cell
UNSET CellLine
UNSET Cell
UNSET Anatomy
UNSET Anatomy
UNSET CellLine
UNSET Anatomy
UNSET Cell
UNSET CellLine
UNSET Cell
UNSET Anatomy
UNSET CellStructure
UNSET Anatomy
UNSET Disease
UNSET Cell
UNSET Cell
UNSET CellLine
UNSET Anatomy
UNSET Anatomy
UNSET CellLine
UNSET Cell
UNSET CellLine
UNSET Cell
UNSET CellLine
UNSET Disease
UNSET Disease
UNSET Cell
UNSET CellLine
UNSET Anatomy
UNSET Cell
UNSET Anatomy
UNSET MeSHAnatomy
UNSET Cell
UNSET CellLine
UNSET Anatomy
UNSET Disease
UNSET Anatomy
UNSET Anatomy
UNSET CellLine
UNSET Cell
UNSET Cell
UNSET CellLine
UNSET Cell
UNSET CellLine
UNSET Cell
UNSET Anatomy
UNSET Anatomy
UNSET Cell
UNSET Cell
UNSET Anatomy
UNSET Cell
UNSET CellLine
UNSET Disease
UNSET CellStructure
UNSET Anatomy
UNSET Cell
UNSET Cell
UNSET Anatomy
UNSET Cell
UNSET CellLine
UNSET Anatomy
UNSET Disease
UNSET CellLine
UNSET Anatomy
UNSET Cell
UNSET CellLine
UNSET CellLine
UNSET Cell
UNSET Anatomy
UNSET Cell
UNSET CellLine
UNSET Anatomy
UNSET CellLine
UNSET Cell
UNSET Disease
UNSET CellLine
UNSET Cell
UNSET Anatomy
UNSET Anatomy
UNSET Cell
UNSET Anatomy
UNSET CellLine
UNSET CellLine
UNSET CellLine
UNSET CellLine
UNSET Anatomy
UNSET CellLine
UNSET Anatomy
UNSET Cell
UNSET Anatomy
UNSET CellLine
UNSET Cell
UNSET CellLine
UNSET Anatomy
UNSET Cell
UNSET Cell
UNSET CellLine
UNSET Anatomy
UNSET Cell
UNSET CellLine
UNSET Cell
UNSET CellLine
UNSET Anatomy
UNSET Disease
UNSET Cell
UNSET Anatomy
UNSET Cell
UNSET Anatomy
UNSET Cell
UNSET CellLine
UNSET CellLine
UNSET CellLine
UNSET Anatomy
UNSET Anatomy
UNSET CellLine
UNSET Disease
UNSET Anatomy
UNSET Cell
UNSET Anatomy
UNSET Cell
UNSET Anatomy
UNSET CellStructure
UNSET CellLine
UNSET Cell
UNSET Cell
UNSET Anatomy
UNSET Disease
UNSET Cell
UNSET Anatomy
UNSET CellLine
UNSET CellLine
UNSET Anatomy
UNSET Cell
UNSET Anatomy
UNSET Anatomy
UNSET Cell
UNSET CellStructure
UNSET CellLine
UNSET Disease
UNSET CellLine
UNSET Cell
UNSET Anatomy
UNSET Cell
UNSET Cell
UNSET CellLine
UNSET Anatomy
UNSET CellLine
UNSET Anatomy
UNSET Anatomy
UNSET Cell
UNSET Anatomy
UNSET Cell
UNSET Cell
UNSET Cell
UNSET CellLine
UNSET Anatomy
UNSET Cell
UNSET CellLine
UNSET Anatomy
UNSET Cell
UNSET CellLine
UNSET Disease
UNSET Anatomy
UNSET CellLine
UNSET Cell
UNSET Anatomy
UNSET Cell
UNSET CellLine
UNSET CellStructure
UNSET Disease
UNSET CellLine
UNSET Anatomy
UNSET CellLine
UNSET Anatomy
UNSET CellLine
UNSET Cell
UNSET Anatomy
UNSET CellLine
UNSET Anatomy
UNSET Disease
UNSET Cell
UNSET Anatomy
UNSET CellLine
UNSET Anatomy
UNSET CellLine
UNSET Cell
UNSET CellLine
UNSET Disease
UNSET Cell
UNSET Anatomy
UNSET CellLine
UNSET Cell
UNSET CellLine
UNSET Anatomy
UNSET Anatomy
UNSET Anatomy
UNSET CellLine
UNSET Anatomy
UNSET Cell
UNSET Anatomy
UNSET Cell
UNSET Cell
UNSET CellLine
UNSET Cell
UNSET Cell
UNSET Disease
UNSET CellLine
UNSET Anatomy
UNSET Disease
UNSET Anatomy
UNSET CellLine
UNSET Cell
UNSET CellStructure
UNSET Disease
UNSET Anatomy
UNSET Anatomy
UNSET CellLine
UNSET Disease
UNSET Anatomy
UNSET Cell
UNSET Anatomy
UNSET CellLine
UNSET Anatomy
UNSET Cell
UNSET CellLine
UNSET Cell
UNSET Anatomy
UNSET Cell
UNSET Anatomy
UNSET CellLine
UNSET Anatomy
UNSET Disease
UNSET Anatomy
UNSET Cell
UNSET Anatomy
UNSET CellLine
UNSET Disease
UNSET CellLine
UNSET Cell
UNSET Cell
UNSET Disease
UNSET Cell
UNSET CellLine
UNSET Cell
UNSET Disease
UNSET Anatomy
UNSET Disease
UNSET Cell
UNSET CellLine
UNSET CellLine
UNSET Disease
UNSET Cell
UNSET Anatomy
UNSET Cell
UNSET Cell
UNSET Anatomy
UNSET CellLine
UNSET Cell
UNSET Anatomy
UNSET Cell
UNSET Anatomy
UNSET Anatomy
UNSET Cell
UNSET Cell
UNSET CellLine
UNSET CellLine
UNSET Anatomy
UNSET CellLine
UNSET Anatomy
UNSET CellLine
UNSET Cell
UNSET CellLine
UNSET Anatomy
UNSET Cell
UNSET CellLine
UNSET Anatomy
UNSET Cell
UNSET Anatomy
UNSET CellLine
UNSET Anatomy
UNSET CellLine
UNSET Disease
UNSET Anatomy
UNSET Cell
UNSET CellLine
UNSET Anatomy
UNSET CellStructure
UNSET CellLine
UNSET Disease
UNSET Cell
UNSET CellLine
UNSET Disease
UNSET MeSHAnatomy
UNSET Anatomy
UNSET Cell
UNSET Disease
UNSET Anatomy
UNSET Cell
UNSET CellLine
UNSET Anatomy
UNSET CellLine
UNSET Cell
UNSET Cell
UNSET Anatomy
UNSET CellLine
UNSET Anatomy
UNSET Cell
UNSET Cell
UNSET Anatomy
UNSET CellLine
UNSET Anatomy
UNSET Cell
UNSET Disease
UNSET Anatomy
UNSET CellLine
UNSET Cell
UNSET Anatomy
UNSET Cell
UNSET MeSHAnatomy
UNSET Cell
UNSET Disease
UNSET CellLine
UNSET Anatomy
UNSET Cell
UNSET Anatomy
UNSET Disease
UNSET CellLine
UNSET Anatomy
UNSET Cell
UNSET CellLine
UNSET Cell
UNSET Disease
UNSET Anatomy
UNSET CellLine
UNSET CellLine
UNSET Anatomy
UNSET Cell
UNSET CellLine
UNSET Cell
UNSET Anatomy
UNSET CellLine
UNSET Cell
UNSET Cell
UNSET Anatomy
UNSET Cell
UNSET CellLine
UNSET Disease
UNSET Anatomy
UNSET Cell
UNSET CellLine
UNSET CellLine
UNSET Cell
UNSET CellLine
UNSET Disease
UNSET CellLine
UNSET Cell
UNSET Anatomy
UNSET Cell
UNSET CellLine
UNSET Anatomy
UNSET CellLine
UNSET Cell
UNSET Disease
UNSET Cell
UNSET Anatomy
UNSET Cell
UNSET Cell
UNSET Anatomy
UNSET Cell
UNSET CellLine
UNSET Cell
UNSET Anatomy
UNSET CellLine
UNSET Anatomy
UNSET Cell
UNSET Cell
UNSET Anatomy
UNSET CellLine
UNSET CellLine
UNSET Cell
UNSET CellLine
UNSET Disease
UNSET Anatomy
UNSET Cell
UNSET Disease
UNSET Anatomy
UNSET Cell
UNSET CellLine
UNSET Anatomy
UNSET Disease
UNSET CellLine
UNSET Anatomy
UNSET CellLine
UNSET Anatomy
UNSET Cell
UNSET Anatomy
UNSET Cell
UNSET Anatomy
UNSET CellLine
UNSET Anatomy
UNSET Anatomy
UNSET CellLine
UNSET Disease
UNSET Cell
UNSET CellLine
UNSET Anatomy
UNSET Disease
UNSET Cell
UNSET Anatomy
UNSET CellLine
UNSET Cell
UNSET Disease
UNSET CellLine
UNSET Cell
UNSET Disease
UNSET CellStructure
UNSET Anatomy
UNSET Cell
UNSET Disease
UNSET CellLine
UNSET Anatomy
UNSET Cell
UNSET Disease
UNSET Cell
UNSET CellLine
UNSET Anatomy
UNSET Cell
UNSET Disease
UNSET Cell
UNSET CellLine
UNSET Anatomy
UNSET CellLine
UNSET Cell
UNSET Disease
UNSET Anatomy
UNSET Anatomy
UNSET CellLine
UNSET Cell
UNSET Anatomy
UNSET Disease
UNSET CellLine
UNSET Anatomy
UNSET CellLine
UNSET Cell
UNSET Cell
UNSET Anatomy
UNSET Cell
UNSET Anatomy
UNSET Cell
UNSET Anatomy
UNSET Disease
UNSET CellLine
UNSET Cell
UNSET Anatomy
UNSET CellLine
UNSET MeSHAnatomy
UNSET Anatomy
UNSET Cell
UNSET CellLine
UNSET Cell
UNSET Anatomy
UNSET Cell
UNSET Cell
UNSET CellLine
UNSET Anatomy
UNSET CellLine
UNSET Disease
UNSET CellLine
UNSET Cell
UNSET CellLine
UNSET CellStructure
UNSET Cell
UNSET Cell
UNSET Cell
UNSET Anatomy
UNSET Disease
UNSET CellLine
UNSET Cell
UNSET Anatomy
UNSET Cell
UNSET Anatomy
UNSET Cell
UNSET Disease
UNSET Cell
UNSET Anatomy
UNSET Cell
UNSET CellLine
UNSET Anatomy
UNSET Cell
UNSET CellLine
UNSET Anatomy
UNSET Anatomy
UNSET Cell
UNSET CellLine
UNSET Anatomy
UNSET CellLine
UNSET Anatomy
UNSET Cell
UNSET Disease
UNSET CellLine
UNSET Cell
UNSET Cell
UNSET Anatomy
UNSET CellLine
UNSET Cell
UNSET Disease
UNSET CellLine
UNSET Anatomy
UNSET Cell
UNSET Cell
UNSET Anatomy
UNSET Cell
UNSET Cell
UNSET CellLine
UNSET CellLine
UNSET Cell
UNSET CellLine
UNSET Cell
UNSET Cell
UNSET CellLine
UNSET CellLine
UNSET CellStructure
UNSET Disease
UNSET Anatomy
UNSET Cell
UNSET CellLine
UNSET Anatomy
UNSET CellLine
UNSET Cell
UNSET CellLine
UNSET MeSHAnatomy
UNSET Anatomy
UNSET Cell
UNSET Anatomy
UNSET CellLine
UNSET Anatomy
UNSET Cell
UNSET Disease
UNSET CellLine
UNSET Cell
UNSET Anatomy
UNSET Cell
UNSET Anatomy
UNSET Cell
UNSET CellLine
UNSET CellLine
UNSET Anatomy
UNSET Anatomy
UNSET Cell
UNSET CellLine
UNSET Anatomy
UNSET Cell
UNSET CellLine
UNSET Anatomy
UNSET Cell
UNSET CellLine
UNSET Disease
UNSET Anatomy
UNSET CellLine
UNSET Disease
UNSET Anatomy
UNSET CellLine
UNSET Anatomy
UNSET Cell
UNSET Anatomy
UNSET Disease
UNSET CellLine
UNSET Cell
UNSET Cell
UNSET CellLine
UNSET Cell
UNSET Disease
UNSET CellLine
UNSET Disease
UNSET Cell
UNSET CellLine
UNSET Anatomy
UNSET CellLine
UNSET Anatomy
UNSET CellLine
UNSET Cell
UNSET CellLine
UNSET Disease
UNSET Cell
UNSET Anatomy
UNSET Cell
UNSET CellLine
UNSET Cell
UNSET CellLine
UNSET Anatomy
UNSET CellLine
UNSET Anatomy
UNSET Cell
UNSET CellLine
UNSET Cell
UNSET Anatomy
UNSET Disease
UNSET Anatomy
UNSET Cell
UNSET Cell
UNSET CellLine
UNSET Anatomy
UNSET CellLine
UNSET Anatomy
UNSET CellLine
UNSET Disease
UNSET CellLine
UNSET Anatomy
UNSET Cell
UNSET CellLine
UNSET Cell
UNSET Anatomy
UNSET Cell
UNSET Anatomy
UNSET Disease
UNSET Cell
UNSET Anatomy
UNSET Disease
UNSET Anatomy
UNSET Cell
UNSET Anatomy
UNSET Disease
UNSET Anatomy
UNSET CellLine
UNSET Cell
UNSET Anatomy
UNSET Cell
UNSET Anatomy
UNSET Cell
UNSET Anatomy
UNSET Disease
UNSET Cell
UNSET CellLine
UNSET Anatomy
UNSET CellLine
UNSET Cell
UNSET Anatomy
UNSET Cell
UNSET Anatomy
UNSET Disease
UNSET Cell
UNSET Anatomy
UNSET Cell
UNSET Anatomy
UNSET Anatomy
UNSET CellLine
UNSET Cell
UNSET CellLine
UNSET Anatomy
UNSET Cell
UNSET Disease
UNSET CellLine
UNSET Anatomy
UNSET Cell
UNSET CellLine
UNSET Cell
UNSET Anatomy
UNSET Disease
UNSET CellLine
UNSET Anatomy
UNSET Cell
UNSET Anatomy
UNSET Cell
UNSET Cell
UNSET Anatomy
UNSET Cell
UNSET CellLine
UNSET CellLine
UNSET Anatomy
UNSET Cell
UNSET Cell
UNSET Cell
UNSET CellLine
UNSET Anatomy
UNSET CellLine
UNSET Disease
UNSET Cell
UNSET Anatomy
UNSET CellLine
UNSET Cell
UNSET Anatomy
UNSET CellLine
UNSET MeSHAnatomy
UNSET Anatomy
UNSET Cell
UNSET Anatomy
UNSET Cell
UNSET Anatomy
UNSET CellLine
UNSET Disease
UNSET Anatomy
UNSET Cell
UNSET CellLine
UNSET Anatomy
UNSET Disease
UNSET CellLine
UNSET Anatomy
UNSET Cell
UNSET Anatomy
UNSET Disease
UNSET Cell
UNSET CellLine
UNSET Anatomy
UNSET Cell
UNSET Anatomy
UNSET CellLine
UNSET Cell
UNSET CellLine
UNSET Disease
UNSET CellLine
UNSET Anatomy
UNSET Cell
UNSET Cell
UNSET Disease
UNSET Anatomy
UNSET CellLine
UNSET Disease
UNSET Cell
UNSET CellLine
UNSET Cell
UNSET Anatomy
UNSET Anatomy
UNSET CellLine
UNSET Cell
UNSET Anatomy
UNSET Cell
UNSET MeSHAnatomy
UNSET Disease
UNSET Anatomy
UNSET CellLine
UNSET Disease
UNSET Anatomy
UNSET Cell
UNSET Disease
UNSET Cell
UNSET CellLine
UNSET Anatomy
UNSET Cell
UNSET Anatomy
UNSET Anatomy
UNSET Cell
UNSET CellLine
UNSET Disease
UNSET Anatomy
UNSET Cell
UNSET CellStructure
UNSET CellLine
UNSET CellLine
UNSET Disease
UNSET Anatomy
UNSET CellLine
UNSET Cell
UNSET Cell
UNSET Anatomy
UNSET Cell
UNSET Anatomy
UNSET CellLine
UNSET Cell
UNSET CellLine
UNSET Anatomy
UNSET Cell
UNSET Disease
UNSET CellLine
UNSET Anatomy
UNSET CellLine
UNSET Cell
UNSET CellLine
UNSET Anatomy
UNSET Anatomy
UNSET CellLine
UNSET Cell
UNSET CellLine
UNSET Anatomy
UNSET Disease
UNSET Anatomy
UNSET Cell
UNSET CellLine
UNSET Anatomy
UNSET Cell
UNSET CellLine
UNSET Cell
UNSET Disease
UNSET Cell
UNSET Anatomy
UNSET Disease
UNSET Anatomy
UNSET Cell
UNSET Anatomy
UNSET CellLine
UNSET CellLine
UNSET Anatomy
UNSET Cell
UNSET CellLine
UNSET Cell
UNSET CellLine
UNSET Cell
UNSET Anatomy
UNSET CellLine
UNSET Cell
UNSET Anatomy
UNSET CellLine
UNSET Cell
UNSET Cell
UNSET CellLine
UNSET Cell
UNSET Anatomy
UNSET Cell
UNSET Anatomy
UNSET CellLine
UNSET Cell
UNSET CellLine
UNSET Cell
UNSET CellLine
UNSET Cell
UNSET CellLine
UNSET Cell
UNSET Anatomy
UNSET CellLine
UNSET Disease
UNSET Cell
UNSET Cell
UNSET Disease
UNSET CellLine
UNSET Cell
UNSET Disease
UNSET Cell
UNSET Anatomy
UNSET Disease
UNSET Anatomy
UNSET CellLine
UNSET Anatomy
UNSET Cell
UNSET CellLine
UNSET Cell
UNSET CellLine
UNSET Anatomy
UNSET Cell
UNSET Anatomy
UNSET Anatomy
UNSET Disease
UNSET Cell
UNSET CellLine
UNSET Anatomy
UNSET Cell
UNSET CellLine
UNSET Cell
UNSET Anatomy
UNSET Disease
UNSET Anatomy
UNSET Cell
UNSET CellLine
UNSET Cell
UNSET Anatomy
UNSET Cell
UNSET CellLine
UNSET Anatomy
UNSET Anatomy
UNSET Cell
UNSET Disease
UNSET Cell
UNSET Anatomy
UNSET Cell
UNSET Anatomy
UNSET Cell
UNSET Anatomy
UNSET CellLine
UNSET Anatomy
UNSET Cell
UNSET Disease
UNSET Cell
UNSET Disease
UNSET CellLine
UNSET Anatomy
UNSET Cell
UNSET Disease
UNSET Anatomy
UNSET Anatomy
UNSET Disease
UNSET CellLine
UNSET Cell
UNSET Anatomy
UNSET Cell
UNSET CellLine
UNSET CellLine
UNSET Disease
UNSET Anatomy
UNSET Cell
UNSET Anatomy
UNSET Disease
UNSET MeSHAnatomy
UNSET Anatomy
UNSET Cell
UNSET Disease
UNSET Cell
UNSET CellLine
UNSET Cell
UNSET Cell
UNSET Disease
UNSET CellLine
UNSET Anatomy
UNSET Cell
UNSET CellLine
UNSET CellLine
UNSET Anatomy
UNSET Cell
UNSET Anatomy
UNSET Cell
UNSET CellLine
UNSET Anatomy
UNSET Disease
UNSET Cell
UNSET Anatomy
UNSET Anatomy
UNSET Cell
UNSET Disease
UNSET Cell
UNSET Anatomy
UNSET CellLine
UNSET Cell
UNSET Anatomy
UNSET CellLine
UNSET Anatomy
UNSET CellLine
UNSET Cell
UNSET Disease
UNSET Cell
UNSET Anatomy
UNSET Anatomy
UNSET Cell
UNSET Disease
UNSET Anatomy
UNSET Cell
UNSET Disease
UNSET Anatomy
UNSET Cell
UNSET CellLine
UNSET Anatomy
UNSET Cell
UNSET MeSHAnatomy
UNSET Anatomy
UNSET Cell
UNSET Cell
UNSET CellLine
UNSET Anatomy
UNSET Cell
UNSET CellLine
UNSET Cell
UNSET Anatomy
UNSET CellLine
UNSET Disease
UNSET CellLine
UNSET Anatomy
UNSET Cell
UNSET CellLine
UNSET Cell
UNSET MeSHDisease
UNSET CellLine
UNSET Disease
UNSET CellLine
UNSET Disease
UNSET Cell
UNSET CellLine
UNSET Cell
UNSET Anatomy
UNSET Cell
UNSET CellLine
UNSET Disease
UNSET Anatomy
UNSET CellLine
UNSET Anatomy
UNSET Cell
UNSET Disease
UNSET CellLine
UNSET Anatomy
UNSET Cell
UNSET CellLine
UNSET Disease
UNSET Anatomy
UNSET Cell
UNSET CellLine
UNSET Disease
UNSET Disease
UNSET Anatomy
UNSET Cell
UNSET CellLine
UNSET Cell
UNSET Anatomy
UNSET Cell
UNSET Disease
UNSET CellLine
UNSET Anatomy
UNSET Cell
UNSET Disease
UNSET CellLine
UNSET Disease
UNSET Anatomy
UNSET Anatomy
UNSET Cell
UNSET CellLine
UNSET Disease
UNSET Anatomy
UNSET Cell
UNSET CellLine
UNSET Anatomy
UNSET CellLine
UNSET Disease
UNSET Anatomy
UNSET CellLine
UNSET Cell
UNSET CellLine
UNSET MeSHAnatomy
UNSET Cell
UNSET Anatomy
UNSET Disease
UNSET Cell
UNSET CellLine
UNSET Anatomy
UNSET Cell
UNSET Anatomy
UNSET Cell
UNSET CellLine
UNSET Cell
UNSET Anatomy
UNSET CellLine
UNSET Disease
UNSET Anatomy
UNSET Cell
UNSET Anatomy
UNSET Cell
UNSET CellLine
UNSET CellLine
UNSET Cell
UNSET Anatomy
UNSET CellLine
UNSET Anatomy
UNSET Cell
UNSET CellLine
UNSET Cell
UNSET Anatomy
UNSET Disease
UNSET CellLine
UNSET Anatomy
UNSET Cell
UNSET Anatomy
UNSET Cell
UNSET CellLine
UNSET Cell
UNSET CellLine
UNSET Anatomy
UNSET Cell
UNSET CellLine
UNSET Anatomy
UNSET CellLine
UNSET Anatomy
UNSET CellLine
UNSET Cell
UNSET Disease
UNSET CellLine
UNSET Anatomy
UNSET Cell
UNSET Anatomy
UNSET Anatomy
UNSET Cell
UNSET CellLine
UNSET Cell
UNSET CellLine
UNSET Anatomy
UNSET CellLine
UNSET Cell
UNSET Disease
UNSET CellLine
UNSET Anatomy
UNSET Cell
UNSET Disease
UNSET CellLine
UNSET Cell
UNSET CellLine
UNSET Cell
UNSET CellLine
UNSET Anatomy
UNSET Cell
UNSET CellLine
UNSET Anatomy
UNSET Cell
UNSET Anatomy
UNSET CellLine
UNSET Cell
UNSET CellLine
UNSET Cell
UNSET Anatomy
UNSET CellLine
UNSET Cell
UNSET Cell
UNSET Anatomy
UNSET CellLine
UNSET Cell
UNSET Anatomy
UNSET Disease
UNSET Cell
UNSET Disease
UNSET CellLine
UNSET Cell
UNSET CellLine
UNSET Anatomy
UNSET Cell
UNSET Disease
UNSET CellLine
UNSET Anatomy
UNSET Cell
UNSET Disease
UNSET Cell
UNSET Anatomy
UNSET CellLine
UNSET Cell
UNSET Disease
UNSET Cell
UNSET Cell
UNSET Anatomy
UNSET CellLine
UNSET Anatomy
UNSET Cell
UNSET Anatomy
UNSET Cell
UNSET CellLine
UNSET Cell
UNSET Disease
UNSET CellLine
UNSET CellLine
UNSET Anatomy
UNSET Cell
UNSET Anatomy
UNSET Anatomy
UNSET Cell
UNSET CellStructure
UNSET Cell
UNSET Cell
UNSET Anatomy
UNSET Cell
UNSET CellLine
UNSET Cell
UNSET CellLine
UNSET Cell
UNSET CellLine
UNSET Anatomy
UNSET Cell
UNSET Anatomy
UNSET Cell
UNSET CellLine
UNSET Anatomy
UNSET Cell
UNSET Anatomy
UNSET CellLine
UNSET Cell
UNSET Anatomy
UNSET Cell
UNSET Anatomy
UNSET Cell
UNSET CellLine
UNSET Cell
UNSET CellLine
UNSET Anatomy
UNSET Cell
UNSET CellLine
UNSET CellLine
UNSET Anatomy
UNSET Cell
UNSET Anatomy
UNSET Cell
UNSET CellLine
UNSET Cell
UNSET CellLine
UNSET Cell
UNSET CellLine
UNSET Cell
UNSET Anatomy
UNSET CellLine
UNSET Cell
UNSET CellLine
UNSET Cell
UNSET CellLine
UNSET Anatomy
UNSET Cell
UNSET Cell
UNSET Anatomy
UNSET CellLine
UNSET Cell
UNSET CellLine
UNSET Disease
UNSET Cell
UNSET Anatomy
UNSET CellLine
UNSET Anatomy
UNSET Cell
UNSET CellLine
UNSET Cell
UNSET CellLine
UNSET Cell
UNSET CellLine
UNSET Anatomy
UNSET Cell
UNSET Cell
UNSET Anatomy
UNSET Cell
UNSET CellLine
UNSET Anatomy
UNSET Cell
UNSET CellLine
UNSET Disease
UNSET Cell
UNSET Cell
UNSET Anatomy
UNSET Cell
UNSET CellLine
UNSET Cell
UNSET Cell
UNSET Anatomy
UNSET CellLine
UNSET Cell
UNSET Anatomy
UNSET Cell
UNSET CellLine
UNSET Anatomy
UNSET Anatomy
UNSET Cell
UNSET Anatomy
UNSET Anatomy
UNSET Anatomy
UNSET Cell
UNSET Anatomy
UNSET Cell
UNSET Anatomy
UNSET Anatomy
UNSET Anatomy
UNSET Anatomy
UNSET Anatomy
UNSET Cell
UNSET Anatomy
UNSET CellLine
UNSET Anatomy
UNSET Anatomy
UNSET CellLine
UNSET Cell
UNSET Anatomy
UNSET CellLine
UNSET Cell
UNSET Disease
UNSET CellLine
UNSET Cell
UNSET Anatomy
UNSET Anatomy
UNSET Anatomy
UNSET Anatomy
UNSET Cell
UNSET Anatomy
UNSET Cell
UNSET Anatomy
UNSET Anatomy
UNSET Cell
UNSET Cell
UNSET Anatomy
UNSET Anatomy
UNSET Cell
UNSET Cell
UNSET Cell
UNSET Anatomy
UNSET Cell
UNSET Anatomy
UNSET Cell
UNSET Cell
UNSET Anatomy
UNSET Cell
UNSET Anatomy
UNSET Cell
UNSET Anatomy
UNSET Cell
UNSET Anatomy
UNSET Anatomy
UNSET Anatomy
UNSET Cell
UNSET Anatomy
UNSET Cell
UNSET Anatomy
UNSET Anatomy
UNSET CellLine
UNSET Cell
UNSET Disease
UNSET CellLine
UNSET Anatomy
UNSET Cell
UNSET CellLine
UNSET Cell
UNSET CellLine
UNSET CellLine
UNSET CellLine
UNSET CellLine
UNSET Cell
UNSET CellLine
UNSET Cell
UNSET Anatomy
UNSET Anatomy
UNSET Cell
UNSET Cell
UNSET Anatomy
UNSET Disease
UNSET CellLine
UNSET Cell
UNSET Cell
UNSET CellLine
UNSET Cell
UNSET Cell
UNSET Anatomy
UNSET Anatomy
UNSET CellLine
UNSET Anatomy
UNSET Cell
UNSET Anatomy
UNSET CellLine
UNSET Anatomy
UNSET Anatomy
UNSET CellLine
UNSET Anatomy
UNSET Disease
UNSET Cell
UNSET CellLine
UNSET Anatomy
UNSET Cell
UNSET Anatomy
UNSET Cell
UNSET CellStructure
UNSET CellLine
UNSET CellLine
UNSET Cell
UNSET Cell
UNSET CellLine
UNSET Cell
UNSET Cell
UNSET Anatomy
UNSET Cell
UNSET Cell
UNSET Anatomy
UNSET CellLine
UNSET CellLine
UNSET CellLine
UNSET CellLine
UNSET Cell
UNSET CellLine
UNSET Cell
UNSET Anatomy
UNSET Anatomy
UNSET Anatomy
UNSET Cell
UNSET CellLine
UNSET Anatomy
UNSET CellLine
UNSET Anatomy
UNSET Cell
UNSET Cell
UNSET CellLine
UNSET Anatomy
UNSET CellLine
UNSET Anatomy
UNSET CellLine
UNSET Anatomy
UNSET Cell
UNSET Anatomy
UNSET Cell
UNSET Anatomy
UNSET Anatomy
UNSET Cell
UNSET Cell
UNSET Anatomy
UNSET Cell
UNSET Anatomy
UNSET Cell
UNSET Cell
UNSET CellLine
UNSET Anatomy
UNSET Anatomy
UNSET CellLine
UNSET Disease
UNSET Cell
UNSET CellLine
UNSET Anatomy
UNSET Anatomy
UNSET Cell
UNSET Cell
UNSET Anatomy
UNSET Cell
UNSET Anatomy
UNSET Cell
UNSET CellLine
UNSET Cell
UNSET CellLine
UNSET CellLine
UNSET Cell
UNSET Anatomy
UNSET Anatomy
UNSET Cell
UNSET CellLine
UNSET Anatomy
UNSET CellLine
UNSET Cell
UNSET Cell
UNSET CellLine
UNSET Anatomy
UNSET CellLine
UNSET CellLine
UNSET Anatomy
UNSET Cell
UNSET Anatomy
UNSET Anatomy
UNSET Cell
UNSET CellLine
UNSET CellLine
UNSET Cell
UNSET Anatomy
UNSET Cell
UNSET Anatomy
UNSET Anatomy
UNSET CellLine
UNSET Anatomy
UNSET Anatomy
UNSET Cell
UNSET CellLine
UNSET Cell
UNSET Cell
UNSET CellLine
UNSET Anatomy
UNSET Anatomy
UNSET Disease
UNSET Cell
UNSET Anatomy
UNSET Cell
UNSET Cell
UNSET Anatomy
UNSET CellLine
UNSET Cell
UNSET CellLine
UNSET Cell
UNSET Cell
UNSET Cell
UNSET Anatomy
UNSET Cell
UNSET Cell
UNSET Cell
UNSET Cell
UNSET CellLine
UNSET Cell
UNSET Anatomy
UNSET Cell
UNSET Disease
UNSET Cell
UNSET Cell
UNSET CellLine
UNSET Cell
UNSET Anatomy
UNSET CellLine
UNSET Cell
UNSET Anatomy
UNSET Cell
UNSET Anatomy
UNSET Anatomy
UNSET Anatomy
UNSET Cell
UNSET Anatomy
UNSET Anatomy
UNSET Cell
UNSET Anatomy
UNSET CellLine
UNSET Cell
UNSET CellLine
UNSET Anatomy
UNSET Cell
UNSET Disease
UNSET Anatomy
UNSET Cell
UNSET Anatomy
UNSET Cell
UNSET Anatomy
UNSET Disease
UNSET CellLine
UNSET Cell
UNSET CellLine
UNSET Cell
UNSET Cell
UNSET Cell
UNSET Cell
UNSET CellLine
UNSET Anatomy
UNSET CellLine
UNSET Anatomy
UNSET CellLine
UNSET Anatomy
UNSET CellLine
UNSET Cell
UNSET Anatomy
UNSET Cell
UNSET Anatomy
UNSET Cell
UNSET CellLine
UNSET Cell
UNSET CellLine
UNSET Disease
UNSET CellLine
UNSET Disease
UNSET Cell
UNSET Cell
UNSET Cell
UNSET Anatomy
UNSET Anatomy
UNSET Cell
UNSET CellLine
UNSET Cell
UNSET Anatomy
UNSET Cell
UNSET Anatomy
UNSET Cell
UNSET CellLine
UNSET Cell
UNSET CellLine
UNSET Anatomy
UNSET Anatomy
UNSET Cell
UNSET Cell
UNSET Cell
UNSET Anatomy
UNSET Cell
UNSET CellLine
UNSET Disease
UNSET CellLine
UNSET Cell
UNSET CellLine
UNSET Anatomy
UNSET Cell
UNSET Cell
UNSET CellLine
UNSET Cell
UNSET Anatomy
UNSET Cell
UNSET MeSHAnatomy
UNSET Cell
UNSET Anatomy
UNSET Cell
UNSET Cell
UNSET Anatomy
UNSET CellLine
UNSET Anatomy
UNSET CellLine
UNSET Cell
UNSET Cell
UNSET Disease
UNSET Anatomy
UNSET CellStructure
UNSET Cell
UNSET Anatomy
UNSET Anatomy
UNSET CellLine
UNSET CellLine
UNSET CellLine
UNSET CellLine
UNSET Anatomy
UNSET CellLine
UNSET Cell
UNSET Anatomy
UNSET Cell
UNSET Cell
UNSET Cell
UNSET Anatomy
UNSET CellLine
UNSET Anatomy
UNSET Anatomy
UNSET Cell
UNSET Anatomy
UNSET Cell
UNSET CellLine
UNSET Cell
UNSET Cell
UNSET Disease
UNSET Anatomy
UNSET Cell
UNSET Anatomy
UNSET CellLine
UNSET Anatomy
UNSET Anatomy
UNSET CellLine
UNSET CellLine
UNSET Anatomy
UNSET Anatomy
UNSET Cell
UNSET Cell
UNSET Cell
UNSET Cell
UNSET Anatomy
UNSET Disease
UNSET Anatomy
UNSET Cell
UNSET Anatomy
UNSET Anatomy
UNSET Anatomy
UNSET Cell
UNSET Anatomy
UNSET Anatomy
UNSET CellLine
UNSET Anatomy
UNSET Cell
UNSET CellLine
UNSET Anatomy
UNSET CellLine
UNSET Cell
UNSET Cell
UNSET CellLine
UNSET Anatomy
UNSET Anatomy
UNSET Anatomy
UNSET CellLine
UNSET Anatomy
UNSET CellStructure
UNSET CellLine
UNSET CellLine
UNSET Cell
UNSET Anatomy
UNSET Cell
UNSET Anatomy
UNSET CellLine
UNSET Anatomy
UNSET Anatomy
UNSET Anatomy
UNSET Cell
UNSET Cell
UNSET CellLine
UNSET Cell
UNSET Cell
UNSET Anatomy
UNSET CellLine
UNSET Cell
UNSET CellLine
UNSET Cell
UNSET CellStructure
UNSET Anatomy
UNSET Cell
UNSET CellLine
UNSET CellLine
UNSET CellLine
UNSET CellLine
UNSET Anatomy
UNSET Anatomy
UNSET CellLine
UNSET Cell
UNSET Anatomy
UNSET Cell
UNSET Anatomy
UNSET CellLine
UNSET Cell
UNSET Disease
UNSET CellLine
UNSET Anatomy
UNSET Cell
UNSET CellLine
UNSET Cell
UNSET CellLine
UNSET Cell
UNSET Anatomy
UNSET CellLine
UNSET Cell
UNSET Anatomy
UNSET CellLine
UNSET Cell
UNSET Disease
UNSET CellLine
UNSET CellLine
UNSET Anatomy
UNSET Cell
UNSET CellLine
UNSET CellLine
UNSET Anatomy
UNSET CellLine
UNSET Cell
UNSET Disease
UNSET CellLine
UNSET Anatomy
UNSET Cell
UNSET Anatomy
UNSET Cell
UNSET Cell
UNSET Cell
UNSET Anatomy
UNSET Cell
UNSET Anatomy
UNSET Disease
UNSET Cell
UNSET Anatomy
UNSET CellLine
UNSET Cell
UNSET CellLine
UNSET Cell
UNSET Anatomy
UNSET CellLine
UNSET CellLine
UNSET Anatomy
UNSET Cell
UNSET Cell
UNSET Anatomy
UNSET Cell
UNSET Anatomy
UNSET Cell
UNSET Anatomy
UNSET Cell
UNSET CellLine
UNSET Cell
UNSET CellLine
UNSET Anatomy
UNSET Disease
UNSET Anatomy
UNSET Cell
UNSET CellLine
UNSET Anatomy
UNSET Cell
UNSET Cell
UNSET Anatomy
UNSET CellLine
UNSET Anatomy
UNSET Anatomy
UNSET Cell
UNSET CellStructure
UNSET Disease
UNSET Anatomy
UNSET Cell
UNSET Anatomy
UNSET CellLine
UNSET Anatomy
UNSET CellLine
UNSET Anatomy
UNSET Anatomy
UNSET Cell
UNSET Cell
UNSET Anatomy
UNSET Cell
UNSET Cell
UNSET Anatomy
UNSET Anatomy
UNSET Cell
UNSET CellLine
UNSET Cell
UNSET Cell
UNSET CellLine
UNSET CellLine
UNSET Anatomy
UNSET Cell
UNSET CellLine
UNSET Cell
UNSET Cell
UNSET Cell
UNSET Cell
UNSET CellLine
UNSET Anatomy
UNSET Anatomy
UNSET Cell
UNSET CellLine
UNSET Cell
UNSET Anatomy
UNSET Cell
UNSET Cell
UNSET Anatomy
UNSET Anatomy
UNSET Cell
UNSET Anatomy
UNSET Cell
UNSET Cell
UNSET CellLine
UNSET Cell
UNSET Cell
UNSET Anatomy
UNSET Cell
UNSET CellLine
UNSET Cell
UNSET Anatomy
UNSET CellLine
UNSET Anatomy
UNSET Cell
UNSET CellLine
UNSET Cell
UNSET Anatomy
UNSET CellLine
UNSET Cell
UNSET Anatomy
UNSET Cell
UNSET CellLine
UNSET CellLine
UNSET Anatomy
UNSET Anatomy
UNSET Anatomy
UNSET CellLine
UNSET Cell
UNSET Anatomy
UNSET Anatomy
UNSET Cell
UNSET Cell
UNSET Disease
UNSET Anatomy
UNSET CellLine
UNSET Cell
UNSET Cell
UNSET Anatomy
UNSET Anatomy
UNSET Cell
UNSET Cell
UNSET Cell
UNSET Cell
UNSET CellLine
UNSET CellLine
UNSET Anatomy
UNSET CellLine
UNSET Anatomy
UNSET Cell
UNSET Anatomy
UNSET Cell
UNSET Anatomy
UNSET Cell
UNSET Anatomy
UNSET Anatomy
UNSET Anatomy
UNSET Cell
UNSET Cell
UNSET Anatomy
UNSET Cell
UNSET Anatomy
UNSET Cell
UNSET Cell
UNSET Cell
UNSET CellLine
UNSET CellLine
UNSET MeSHAnatomy
UNSET Cell
UNSET Anatomy
UNSET CellLine
UNSET CellLine
UNSET Anatomy
UNSET Cell
UNSET Disease
UNSET Cell
UNSET Anatomy
UNSET Cell
UNSET Anatomy
UNSET CellLine
UNSET Anatomy
UNSET CellLine
UNSET Anatomy
UNSET Cell
UNSET Cell
UNSET CellLine
UNSET CellStructure
UNSET Anatomy
UNSET CellLine
UNSET Cell
UNSET Anatomy
UNSET Cell
UNSET Cell
UNSET Anatomy
UNSET Cell
UNSET CellLine
UNSET Anatomy
UNSET CellLine
UNSET Anatomy
UNSET Cell
UNSET Anatomy
UNSET Anatomy
UNSET Cell
UNSET Anatomy
UNSET Anatomy
UNSET CellLine
UNSET Anatomy
UNSET Disease
UNSET Cell
UNSET Cell
UNSET CellLine
UNSET Anatomy
UNSET Anatomy
UNSET Cell
UNSET CellLine
UNSET Cell
UNSET Anatomy
UNSET Cell
UNSET Anatomy
UNSET Cell
UNSET Cell
UNSET CellLine
UNSET CellLine
UNSET Anatomy
UNSET Cell
UNSET CellLine
UNSET Anatomy
UNSET Cell
UNSET Anatomy
UNSET Cell
UNSET Anatomy
UNSET Cell
UNSET Cell
UNSET Anatomy
UNSET CellLine
UNSET CellLine
UNSET Cell
UNSET Anatomy
UNSET Cell
UNSET Cell
UNSET Cell
UNSET Cell
UNSET Anatomy
UNSET Cell
UNSET Anatomy
UNSET Anatomy
UNSET Anatomy
UNSET Cell
UNSET Cell
UNSET Disease
UNSET Anatomy
UNSET Cell
UNSET Anatomy
UNSET Cell
UNSET CellLine
UNSET Cell
UNSET Cell
UNSET Anatomy
UNSET Anatomy
UNSET Anatomy
UNSET Anatomy
UNSET CellLine
UNSET CellLine
UNSET Cell
UNSET CellLine
UNSET Cell
UNSET Anatomy
UNSET Cell
UNSET Anatomy
UNSET Cell
UNSET CellLine
UNSET Anatomy
UNSET Anatomy
UNSET Anatomy
UNSET Cell
UNSET Anatomy
UNSET Cell
UNSET CellLine
UNSET Cell
UNSET Anatomy
UNSET Cell
UNSET Disease
UNSET CellLine
UNSET Cell
UNSET Cell
UNSET CellLine
UNSET Anatomy
UNSET Anatomy
UNSET Cell
UNSET Anatomy
UNSET CellLine
UNSET Cell
UNSET Cell
UNSET Anatomy
UNSET Cell
UNSET Anatomy
UNSET Anatomy
UNSET Cell
UNSET Cell
UNSET Anatomy
UNSET Cell
UNSET MeSHAnatomy
UNSET Anatomy
UNSET Anatomy
UNSET Cell
UNSET CellLine
UNSET Anatomy
UNSET CellLine
UNSET Anatomy
UNSET CellStructure
UNSET Anatomy
UNSET Cell
UNSET CellLine
UNSET Cell
